
==========================================================================
detailed place report_tns
--------------------------------------------------------------------------
tns max 0.00

==========================================================================
detailed place report_wns
--------------------------------------------------------------------------
wns max 0.00

==========================================================================
detailed place report_worst_slack
--------------------------------------------------------------------------
worst slack max INF

==========================================================================
detailed place report_clock_min_period
--------------------------------------------------------------------------
clk period_min = 0.00 fmax = inf

==========================================================================
detailed place report_checks -path_delay min
--------------------------------------------------------------------------
No paths found.

==========================================================================
detailed place report_checks -path_delay max
--------------------------------------------------------------------------
No paths found.

==========================================================================
detailed place report_checks -unconstrained
--------------------------------------------------------------------------
Startpoint: a[0] (input port)
Endpoint: s[3]$_DFF_PN0_ (rising edge-triggered flip-flop)
Path Group: unconstrained
Path Type: max

Fanout     Cap    Slew   Delay    Time   Description
-----------------------------------------------------------------------------
                          0.00    0.00 ^ input external delay
     1    0.00    0.00    0.00    0.00 ^ a[0] (in)
                                         a[0] (net)
                  0.00    0.00    0.00 ^ input1/A (sky130_fd_sc_hd__clkdlybuf4s50_1)
     3    0.01    0.14    0.52    0.52 ^ input1/X (sky130_fd_sc_hd__clkdlybuf4s50_1)
                                         net1 (net)
                  0.14    0.00    0.52 ^ _43_/A (sky130_fd_sc_hd__inv_1)
     2    0.01    0.07    0.09    0.62 v _43_/Y (sky130_fd_sc_hd__inv_1)
                                         _00_ (net)
                  0.07    0.00    0.62 v _68_/A (sky130_fd_sc_hd__ha_1)
     1    0.01    0.07    0.23    0.85 v _68_/COUT (sky130_fd_sc_hd__ha_1)
                                         _05_ (net)
                  0.07    0.00    0.85 v _51_/A (sky130_fd_sc_hd__nor2b_4)
     3    0.01    0.10    0.14    0.99 ^ _51_/Y (sky130_fd_sc_hd__nor2b_4)
                                         _23_ (net)
                  0.10    0.00    0.99 ^ _54_/A3 (sky130_fd_sc_hd__o311ai_2)
     2    0.01    0.11    0.11    1.10 v _54_/Y (sky130_fd_sc_hd__o311ai_2)
                                         _26_ (net)
                  0.11    0.00    1.10 v _66_/A1 (sky130_fd_sc_hd__a211oi_2)
     1    0.00    0.17    0.21    1.31 ^ _66_/Y (sky130_fd_sc_hd__a211oi_2)
                                         s_w[3] (net)
                  0.17    0.00    1.31 ^ s[3]$_DFF_PN0_/D (sky130_fd_sc_hd__dfrtp_1)
                                  1.31   data arrival time
-----------------------------------------------------------------------------
(Path is unconstrained)



==========================================================================
detailed place report_check_types -max_slew -max_cap -max_fanout -violators
--------------------------------------------------------------------------

==========================================================================
detailed place max_slew_check_slack
--------------------------------------------------------------------------
1.2021170854568481

==========================================================================
detailed place max_slew_check_limit
--------------------------------------------------------------------------
1.4975910186767578

==========================================================================
detailed place max_slew_check_slack_limit
--------------------------------------------------------------------------
0.8027

==========================================================================
detailed place max_fanout_check_slack
--------------------------------------------------------------------------
1.0000000150474662e+30

==========================================================================
detailed place max_fanout_check_limit
--------------------------------------------------------------------------
1.0000000150474662e+30

==========================================================================
detailed place max_capacitance_check_slack
--------------------------------------------------------------------------
0.04257994890213013

==========================================================================
detailed place max_capacitance_check_limit
--------------------------------------------------------------------------
0.047616999596357346

==========================================================================
detailed place max_capacitance_check_slack_limit
--------------------------------------------------------------------------
0.8942

==========================================================================
detailed place max_slew_violation_count
--------------------------------------------------------------------------
max slew violation count 0

==========================================================================
detailed place max_fanout_violation_count
--------------------------------------------------------------------------
max fanout violation count 0

==========================================================================
detailed place max_cap_violation_count
--------------------------------------------------------------------------
max cap violation count 0

==========================================================================
detailed place setup_violation_count
--------------------------------------------------------------------------
setup violation count 0

==========================================================================
detailed place hold_violation_count
--------------------------------------------------------------------------
hold violation count 0

==========================================================================
detailed place report_checks -path_delay max reg to reg
--------------------------------------------------------------------------
No paths found.

==========================================================================
detailed place report_checks -path_delay min reg to reg
--------------------------------------------------------------------------
No paths found.

==========================================================================
detailed place critical path target clock latency max path
--------------------------------------------------------------------------
0

==========================================================================
detailed place critical path target clock latency min path
--------------------------------------------------------------------------
0

==========================================================================
detailed place critical path source clock latency min path
--------------------------------------------------------------------------
0

==========================================================================
detailed place critical path delay
--------------------------------------------------------------------------
-1

==========================================================================
detailed place critical path slack
--------------------------------------------------------------------------
0

==========================================================================
detailed place slack div critical path delay
--------------------------------------------------------------------------
0.000000

==========================================================================
detailed place report_power
--------------------------------------------------------------------------
Group                  Internal  Switching    Leakage      Total
                          Power      Power      Power      Power (Watts)
----------------------------------------------------------------
Sequential             2.39e-05   9.33e-07   5.79e-11   2.48e-05  51.9%
Combinational          1.44e-05   8.61e-06   2.41e-10   2.30e-05  48.1%
Clock                  0.00e+00   0.00e+00   0.00e+00   0.00e+00   0.0%
Macro                  0.00e+00   0.00e+00   0.00e+00   0.00e+00   0.0%
Pad                    0.00e+00   0.00e+00   0.00e+00   0.00e+00   0.0%
----------------------------------------------------------------
Total                  3.83e-05   9.54e-06   2.99e-10   4.78e-05 100.0%
                          80.1%      19.9%       0.0%
