
==========================================================================
global place report_tns
--------------------------------------------------------------------------
tns max 0.00

==========================================================================
global place report_wns
--------------------------------------------------------------------------
wns max 0.00

==========================================================================
global place report_worst_slack
--------------------------------------------------------------------------
worst slack max INF

==========================================================================
global place report_clock_min_period
--------------------------------------------------------------------------
clk period_min = 0.00 fmax = inf

==========================================================================
global place report_checks -path_delay min
--------------------------------------------------------------------------
No paths found.

==========================================================================
global place report_checks -path_delay max
--------------------------------------------------------------------------
No paths found.

==========================================================================
global place report_checks -unconstrained
--------------------------------------------------------------------------
Startpoint: a[0] (input port)
Endpoint: s[3]$_DFF_PN0_ (rising edge-triggered flip-flop)
Path Group: unconstrained
Path Type: max

Fanout     Cap    Slew   Delay    Time   Description
-----------------------------------------------------------------------------
                          0.00    0.00 ^ input external delay
     1    0.01    0.00    0.00    0.00 ^ a[0] (in)
                                         a[0] (net)
                  0.00    0.00    0.00 ^ input1/A (sky130_fd_sc_hd__clkdlybuf4s50_1)
     3    0.01    0.11    0.51    0.51 ^ input1/X (sky130_fd_sc_hd__clkdlybuf4s50_1)
                                         net1 (net)
                  0.11    0.00    0.51 ^ _43_/A (sky130_fd_sc_hd__inv_1)
     2    0.01    0.06    0.09    0.59 v _43_/Y (sky130_fd_sc_hd__inv_1)
                                         _00_ (net)
                  0.06    0.00    0.59 v _68_/A (sky130_fd_sc_hd__ha_1)
     1    0.01    0.07    0.23    0.82 v _68_/COUT (sky130_fd_sc_hd__ha_1)
                                         _05_ (net)
                  0.07    0.00    0.82 v _51_/A (sky130_fd_sc_hd__nor2b_4)
     3    0.01    0.10    0.14    0.96 ^ _51_/Y (sky130_fd_sc_hd__nor2b_4)
                                         _23_ (net)
                  0.10    0.00    0.96 ^ _54_/A3 (sky130_fd_sc_hd__o311ai_2)
     2    0.01    0.11    0.11    1.07 v _54_/Y (sky130_fd_sc_hd__o311ai_2)
                                         _26_ (net)
                  0.11    0.00    1.07 v _66_/A1 (sky130_fd_sc_hd__a211oi_2)
     1    0.00    0.16    0.20    1.27 ^ _66_/Y (sky130_fd_sc_hd__a211oi_2)
                                         s_w[3] (net)
                  0.16    0.00    1.27 ^ s[3]$_DFF_PN0_/D (sky130_fd_sc_hd__dfrtp_1)
                                  1.27   data arrival time
-----------------------------------------------------------------------------
(Path is unconstrained)



==========================================================================
global place report_power
--------------------------------------------------------------------------
Group                  Internal  Switching    Leakage      Total
                          Power      Power      Power      Power (Watts)
----------------------------------------------------------------
Sequential             2.39e-05   1.05e-06   5.79e-11   2.49e-05  52.5%
Combinational          1.43e-05   8.26e-06   2.41e-10   2.26e-05  47.5%
Clock                  0.00e+00   0.00e+00   0.00e+00   0.00e+00   0.0%
Macro                  0.00e+00   0.00e+00   0.00e+00   0.00e+00   0.0%
Pad                    0.00e+00   0.00e+00   0.00e+00   0.00e+00   0.0%
----------------------------------------------------------------
Total                  3.82e-05   9.31e-06   2.99e-10   4.75e-05 100.0%
                          80.4%      19.6%       0.0%
