
==========================================================================
resizer report_tns
--------------------------------------------------------------------------
tns max 0.00

==========================================================================
resizer report_wns
--------------------------------------------------------------------------
wns max 0.00

==========================================================================
resizer report_worst_slack
--------------------------------------------------------------------------
worst slack max INF

==========================================================================
resizer report_clock_min_period
--------------------------------------------------------------------------
clk period_min = 0.00 fmax = inf

==========================================================================
resizer report_checks -path_delay min
--------------------------------------------------------------------------
No paths found.

==========================================================================
resizer report_checks -path_delay max
--------------------------------------------------------------------------
No paths found.

==========================================================================
resizer report_checks -unconstrained
--------------------------------------------------------------------------
Startpoint: a[0] (input port)
Endpoint: s[3]$_DFF_PN0_ (rising edge-triggered flip-flop)
Path Group: unconstrained
Path Type: max

Fanout     Cap    Slew   Delay    Time   Description
-----------------------------------------------------------------------------
                          0.00    0.00 ^ input external delay
     1    0.01    0.00    0.00    0.00 ^ a[0] (in)
                                         a[0] (net)
                  0.00    0.00    0.00 ^ input1/A (sky130_fd_sc_hd__clkdlybuf4s50_1)
     3    0.01    0.11    0.51    0.51 ^ input1/X (sky130_fd_sc_hd__clkdlybuf4s50_1)
                                         net1 (net)
                  0.11    0.00    0.51 ^ _43_/A (sky130_fd_sc_hd__inv_1)
     2    0.01    0.06    0.09    0.59 v _43_/Y (sky130_fd_sc_hd__inv_1)
                                         _00_ (net)
                  0.06    0.00    0.59 v _68_/A (sky130_fd_sc_hd__ha_1)
     1    0.01    0.07    0.23    0.82 v _68_/COUT (sky130_fd_sc_hd__ha_1)
                                         _05_ (net)
                  0.07    0.00    0.82 v _51_/A (sky130_fd_sc_hd__nor2b_4)
     3    0.01    0.10    0.14    0.96 ^ _51_/Y (sky130_fd_sc_hd__nor2b_4)
                                         _23_ (net)
                  0.10    0.00    0.96 ^ _54_/A3 (sky130_fd_sc_hd__o311ai_2)
     2    0.01    0.11    0.11    1.07 v _54_/Y (sky130_fd_sc_hd__o311ai_2)
                                         _26_ (net)
                  0.11    0.00    1.07 v _66_/A1 (sky130_fd_sc_hd__a211oi_2)
     1    0.00    0.16    0.20    1.27 ^ _66_/Y (sky130_fd_sc_hd__a211oi_2)
                                         s_w[3] (net)
                  0.16    0.00    1.27 ^ s[3]$_DFF_PN0_/D (sky130_fd_sc_hd__dfrtp_1)
                                  1.27   data arrival time
-----------------------------------------------------------------------------
(Path is unconstrained)



==========================================================================
resizer report_check_types -max_slew -max_cap -max_fanout -violators
--------------------------------------------------------------------------

==========================================================================
resizer max_slew_check_slack
--------------------------------------------------------------------------
1.1987724304199219

==========================================================================
resizer max_slew_check_limit
--------------------------------------------------------------------------
1.4975910186767578

==========================================================================
resizer max_slew_check_slack_limit
--------------------------------------------------------------------------
0.8005

==========================================================================
resizer max_fanout_check_slack
--------------------------------------------------------------------------
1.0000000150474662e+30

==========================================================================
resizer max_fanout_check_limit
--------------------------------------------------------------------------
1.0000000150474662e+30

==========================================================================
resizer max_capacitance_check_slack
--------------------------------------------------------------------------
0.04248927906155586

==========================================================================
resizer max_capacitance_check_limit
--------------------------------------------------------------------------
0.047616999596357346

==========================================================================
resizer max_capacitance_check_slack_limit
--------------------------------------------------------------------------
0.8923

==========================================================================
resizer max_slew_violation_count
--------------------------------------------------------------------------
max slew violation count 0

==========================================================================
resizer max_fanout_violation_count
--------------------------------------------------------------------------
max fanout violation count 0

==========================================================================
resizer max_cap_violation_count
--------------------------------------------------------------------------
max cap violation count 0

==========================================================================
resizer setup_violation_count
--------------------------------------------------------------------------
setup violation count 0

==========================================================================
resizer hold_violation_count
--------------------------------------------------------------------------
hold violation count 0

==========================================================================
resizer report_checks -path_delay max reg to reg
--------------------------------------------------------------------------
No paths found.

==========================================================================
resizer report_checks -path_delay min reg to reg
--------------------------------------------------------------------------
No paths found.

==========================================================================
resizer critical path target clock latency max path
--------------------------------------------------------------------------
0

==========================================================================
resizer critical path target clock latency min path
--------------------------------------------------------------------------
0

==========================================================================
resizer critical path source clock latency min path
--------------------------------------------------------------------------
0

==========================================================================
resizer critical path delay
--------------------------------------------------------------------------
-1

==========================================================================
resizer critical path slack
--------------------------------------------------------------------------
0

==========================================================================
resizer slack div critical path delay
--------------------------------------------------------------------------
0.000000

==========================================================================
resizer report_power
--------------------------------------------------------------------------
Group                  Internal  Switching    Leakage      Total
                          Power      Power      Power      Power (Watts)
----------------------------------------------------------------
Sequential             2.39e-05   1.05e-06   5.79e-11   2.49e-05  52.5%
Combinational          1.43e-05   8.26e-06   2.41e-10   2.26e-05  47.5%
Clock                  0.00e+00   0.00e+00   0.00e+00   0.00e+00   0.0%
Macro                  0.00e+00   0.00e+00   0.00e+00   0.00e+00   0.0%
Pad                    0.00e+00   0.00e+00   0.00e+00   0.00e+00   0.0%
----------------------------------------------------------------
Total                  3.82e-05   9.31e-06   2.99e-10   4.75e-05 100.0%
                          80.4%      19.6%       0.0%
