
==========================================================================
detailed place report_tns
--------------------------------------------------------------------------
tns max 0.00

==========================================================================
detailed place report_wns
--------------------------------------------------------------------------
wns max 0.00

==========================================================================
detailed place report_worst_slack
--------------------------------------------------------------------------
worst slack max INF

==========================================================================
detailed place report_clock_min_period
--------------------------------------------------------------------------

==========================================================================
detailed place report_checks -path_delay min
--------------------------------------------------------------------------
No paths found.

==========================================================================
detailed place report_checks -path_delay max
--------------------------------------------------------------------------
No paths found.

==========================================================================
detailed place report_checks -unconstrained
--------------------------------------------------------------------------
Startpoint: b[0] (input port)
Endpoint: p[6] (output port)
Path Group: unconstrained
Path Type: max

Fanout     Cap    Slew   Delay    Time   Description
-----------------------------------------------------------------------------
                          0.00    0.00 v input external delay
     1    0.01    0.00    0.00    0.00 v b[0] (in)
                                         b[0] (net)
                  0.00    0.00    0.00 v input5/A (sky130_fd_sc_hd__clkdlybuf4s50_1)
     4    0.01    0.12    0.46    0.46 v input5/X (sky130_fd_sc_hd__clkdlybuf4s50_1)
                                         net5 (net)
                  0.12    0.00    0.46 v _57_/B (sky130_fd_sc_hd__and2_1)
     1    0.00    0.04    0.19    0.65 v _57_/X (sky130_fd_sc_hd__and2_1)
                                         _24_ (net)
                  0.04    0.00    0.65 v _76_/A (sky130_fd_sc_hd__ha_1)
     1    0.01    0.07    0.31    0.96 v _76_/SUM (sky130_fd_sc_hd__ha_1)
                                         _37_ (net)
                  0.07    0.00    0.96 v _70_/CIN (sky130_fd_sc_hd__fa_1)
     1    0.01    0.09    0.40    1.36 v _70_/COUT (sky130_fd_sc_hd__fa_1)
                                         _38_ (net)
                  0.09    0.00    1.36 v _71_/B (sky130_fd_sc_hd__fa_1)
     1    0.00    0.06    0.52    1.87 ^ _71_/SUM (sky130_fd_sc_hd__fa_1)
                                         _40_ (net)
                  0.06    0.00    1.87 ^ _79_/B (sky130_fd_sc_hd__ha_1)
     1    0.00    0.05    0.13    2.00 ^ _79_/COUT (sky130_fd_sc_hd__ha_1)
                                         _32_ (net)
                  0.05    0.00    2.00 ^ _66_/A (sky130_fd_sc_hd__inv_1)
     1    0.01    0.04    0.05    2.06 v _66_/Y (sky130_fd_sc_hd__inv_1)
                                         _18_ (net)
                  0.04    0.00    2.06 v _74_/CIN (sky130_fd_sc_hd__fa_1)
     1    0.00    0.07    0.35    2.40 v _74_/COUT (sky130_fd_sc_hd__fa_1)
                                         _19_ (net)
                  0.07    0.00    2.40 v _53_/A (sky130_fd_sc_hd__inv_1)
     1    0.01    0.06    0.07    2.48 ^ _53_/Y (sky130_fd_sc_hd__inv_1)
                                         _23_ (net)
                  0.06    0.00    2.48 ^ _75_/CIN (sky130_fd_sc_hd__fa_1)
     1    0.00    0.07    0.40    2.88 v _75_/SUM (sky130_fd_sc_hd__fa_1)
                                         net15 (net)
                  0.07    0.00    2.88 v output15/A (sky130_fd_sc_hd__clkdlybuf4s50_1)
     1    0.01    0.08    0.46    3.34 v output15/X (sky130_fd_sc_hd__clkdlybuf4s50_1)
                                         p[6] (net)
                  0.08    0.00    3.34 v p[6] (out)
                                  3.34   data arrival time
-----------------------------------------------------------------------------
(Path is unconstrained)



==========================================================================
detailed place report_check_types -max_slew -max_cap -max_fanout -violators
--------------------------------------------------------------------------

==========================================================================
detailed place max_slew_check_slack
--------------------------------------------------------------------------
1.3448948860168457

==========================================================================
detailed place max_slew_check_limit
--------------------------------------------------------------------------
1.4953149557113647

==========================================================================
detailed place max_slew_check_slack_limit
--------------------------------------------------------------------------
0.8994

==========================================================================
detailed place max_fanout_check_slack
--------------------------------------------------------------------------
1.0000000150474662e+30

==========================================================================
detailed place max_fanout_check_limit
--------------------------------------------------------------------------
1.0000000150474662e+30

==========================================================================
detailed place max_capacitance_check_slack
--------------------------------------------------------------------------
0.1422034353017807

==========================================================================
detailed place max_capacitance_check_limit
--------------------------------------------------------------------------
0.15656499564647675

==========================================================================
detailed place max_capacitance_check_slack_limit
--------------------------------------------------------------------------
0.9083

==========================================================================
detailed place max_slew_violation_count
--------------------------------------------------------------------------
max slew violation count 0

==========================================================================
detailed place max_fanout_violation_count
--------------------------------------------------------------------------
max fanout violation count 0

==========================================================================
detailed place max_cap_violation_count
--------------------------------------------------------------------------
max cap violation count 0

==========================================================================
detailed place setup_violation_count
--------------------------------------------------------------------------
setup violation count 0

==========================================================================
detailed place hold_violation_count
--------------------------------------------------------------------------
hold violation count 0

==========================================================================
detailed place critical path delay
--------------------------------------------------------------------------
-1

==========================================================================
detailed place critical path slack
--------------------------------------------------------------------------
0

==========================================================================
detailed place slack div critical path delay
--------------------------------------------------------------------------
0.000000

==========================================================================
detailed place report_power
--------------------------------------------------------------------------
Group                  Internal  Switching    Leakage      Total
                          Power      Power      Power      Power (Watts)
----------------------------------------------------------------
Sequential             0.00e+00   0.00e+00   0.00e+00   0.00e+00   0.0%
Combinational          1.90e-04   1.05e-04   2.50e-10   2.95e-04 100.0%
Clock                  0.00e+00   0.00e+00   0.00e+00   0.00e+00   0.0%
Macro                  0.00e+00   0.00e+00   0.00e+00   0.00e+00   0.0%
Pad                    0.00e+00   0.00e+00   0.00e+00   0.00e+00   0.0%
----------------------------------------------------------------
Total                  1.90e-04   1.05e-04   2.50e-10   2.95e-04 100.0%
                          64.4%      35.6%       0.0%
