
==========================================================================
global route report_tns
--------------------------------------------------------------------------
tns max 0.00

==========================================================================
global route report_wns
--------------------------------------------------------------------------
wns max 0.00

==========================================================================
global route report_worst_slack
--------------------------------------------------------------------------
worst slack max INF

==========================================================================
global route report_clock_min_period
--------------------------------------------------------------------------

==========================================================================
global route report_clock_skew
--------------------------------------------------------------------------

==========================================================================
global route report_checks -path_delay min
--------------------------------------------------------------------------
No paths found.

==========================================================================
global route report_checks -path_delay max
--------------------------------------------------------------------------
No paths found.

==========================================================================
global route report_checks -unconstrained
--------------------------------------------------------------------------
Startpoint: b[0] (input port)
Endpoint: p[6] (output port)
Path Group: unconstrained
Path Type: max

Fanout     Cap    Slew   Delay    Time   Description
-----------------------------------------------------------------------------
                          0.00    0.00 v input external delay
     1    0.01    0.00    0.00    0.00 v b[0] (in)
                                         b[0] (net)
                  0.00    0.00    0.00 v input5/A (sky130_fd_sc_hd__clkdlybuf4s50_1)
     4    0.01    0.13    0.48    0.48 v input5/X (sky130_fd_sc_hd__clkdlybuf4s50_1)
                                         net5 (net)
                  0.13    0.00    0.48 v _57_/B (sky130_fd_sc_hd__and2_1)
     1    0.01    0.05    0.20    0.68 v _57_/X (sky130_fd_sc_hd__and2_1)
                                         _24_ (net)
                  0.05    0.00    0.68 v _76_/A (sky130_fd_sc_hd__ha_1)
     1    0.01    0.08    0.33    1.01 v _76_/SUM (sky130_fd_sc_hd__ha_1)
                                         _37_ (net)
                  0.08    0.00    1.01 v _70_/CIN (sky130_fd_sc_hd__fa_1)
     1    0.01    0.09    0.40    1.41 v _70_/COUT (sky130_fd_sc_hd__fa_1)
                                         _38_ (net)
                  0.09    0.00    1.41 v _71_/B (sky130_fd_sc_hd__fa_1)
     1    0.01    0.07    0.53    1.94 ^ _71_/SUM (sky130_fd_sc_hd__fa_1)
                                         _40_ (net)
                  0.07    0.00    1.94 ^ _79_/B (sky130_fd_sc_hd__ha_1)
     1    0.00    0.05    0.14    2.08 ^ _79_/COUT (sky130_fd_sc_hd__ha_1)
                                         _32_ (net)
                  0.05    0.00    2.08 ^ _66_/A (sky130_fd_sc_hd__inv_1)
     1    0.01    0.04    0.05    2.14 v _66_/Y (sky130_fd_sc_hd__inv_1)
                                         _18_ (net)
                  0.04    0.00    2.14 v _74_/CIN (sky130_fd_sc_hd__fa_1)
     1    0.00    0.07    0.36    2.50 v _74_/COUT (sky130_fd_sc_hd__fa_1)
                                         _19_ (net)
                  0.07    0.00    2.50 v _53_/A (sky130_fd_sc_hd__inv_1)
     1    0.01    0.07    0.08    2.58 ^ _53_/Y (sky130_fd_sc_hd__inv_1)
                                         _23_ (net)
                  0.07    0.00    2.58 ^ _75_/CIN (sky130_fd_sc_hd__fa_1)
     1    0.00    0.08    0.42    2.99 v _75_/SUM (sky130_fd_sc_hd__fa_1)
                                         net15 (net)
                  0.08    0.00    2.99 v output15/A (sky130_fd_sc_hd__clkdlybuf4s50_1)
     1    0.01    0.08    0.47    3.46 v output15/X (sky130_fd_sc_hd__clkdlybuf4s50_1)
                                         p[6] (net)
                  0.08    0.00    3.46 v p[6] (out)
                                  3.46   data arrival time
-----------------------------------------------------------------------------
(Path is unconstrained)



==========================================================================
global route report_check_types -max_slew -max_cap -max_fanout -violators
--------------------------------------------------------------------------

==========================================================================
global route max_slew_check_slack
--------------------------------------------------------------------------
1.307475209236145

==========================================================================
global route max_slew_check_limit
--------------------------------------------------------------------------
1.4953149557113647

==========================================================================
global route max_slew_check_slack_limit
--------------------------------------------------------------------------
0.8744

==========================================================================
global route max_fanout_check_slack
--------------------------------------------------------------------------
1.0000000150474662e+30

==========================================================================
global route max_fanout_check_limit
--------------------------------------------------------------------------
1.0000000150474662e+30

==========================================================================
global route max_capacitance_check_slack
--------------------------------------------------------------------------
0.13818585872650146

==========================================================================
global route max_capacitance_check_limit
--------------------------------------------------------------------------
0.15656499564647675

==========================================================================
global route max_capacitance_check_slack_limit
--------------------------------------------------------------------------
0.8826

==========================================================================
global route max_slew_violation_count
--------------------------------------------------------------------------
max slew violation count 0

==========================================================================
global route max_fanout_violation_count
--------------------------------------------------------------------------
max fanout violation count 0

==========================================================================
global route max_cap_violation_count
--------------------------------------------------------------------------
max cap violation count 0

==========================================================================
global route setup_violation_count
--------------------------------------------------------------------------
setup violation count 0

==========================================================================
global route hold_violation_count
--------------------------------------------------------------------------
hold violation count 0

==========================================================================
global route critical path delay
--------------------------------------------------------------------------
-1

==========================================================================
global route critical path slack
--------------------------------------------------------------------------
0

==========================================================================
global route slack div critical path delay
--------------------------------------------------------------------------
0.000000

==========================================================================
global route report_power
--------------------------------------------------------------------------
Group                  Internal  Switching    Leakage      Total
                          Power      Power      Power      Power (Watts)
----------------------------------------------------------------
Sequential             0.00e+00   0.00e+00   0.00e+00   0.00e+00   0.0%
Combinational          2.00e-04   1.37e-04   2.50e-10   3.37e-04 100.0%
Clock                  0.00e+00   0.00e+00   0.00e+00   0.00e+00   0.0%
Macro                  0.00e+00   0.00e+00   0.00e+00   0.00e+00   0.0%
Pad                    0.00e+00   0.00e+00   0.00e+00   0.00e+00   0.0%
----------------------------------------------------------------
Total                  2.00e-04   1.37e-04   2.50e-10   3.37e-04 100.0%
                          59.4%      40.6%       0.0%
