
==========================================================================
finish report_tns
--------------------------------------------------------------------------
tns max 0.00

==========================================================================
finish report_wns
--------------------------------------------------------------------------
wns max 0.00

==========================================================================
finish report_worst_slack
--------------------------------------------------------------------------
worst slack max INF

==========================================================================
finish report_clock_min_period
--------------------------------------------------------------------------

==========================================================================
finish report_clock_skew
--------------------------------------------------------------------------

==========================================================================
finish report_checks -path_delay min
--------------------------------------------------------------------------
No paths found.

==========================================================================
finish report_checks -path_delay max
--------------------------------------------------------------------------
No paths found.

==========================================================================
finish report_checks -unconstrained
--------------------------------------------------------------------------
Startpoint: b[0] (input port)
Endpoint: p[6] (output port)
Path Group: unconstrained
Path Type: max

Fanout     Cap    Slew   Delay    Time   Description
-----------------------------------------------------------------------------
                          0.00    0.00 v input external delay
     1    0.00    0.00    0.00    0.00 v b[0] (in)
                                         b[0] (net)
                  0.00    0.00    0.00 v input5/A (sky130_fd_sc_hd__clkdlybuf4s50_1)
     4    0.01    0.11    0.46    0.46 v input5/X (sky130_fd_sc_hd__clkdlybuf4s50_1)
                                         net5 (net)
                  0.11    0.00    0.46 v _57_/B (sky130_fd_sc_hd__and2_1)
     1    0.00    0.04    0.19    0.65 v _57_/X (sky130_fd_sc_hd__and2_1)
                                         _24_ (net)
                  0.04    0.00    0.65 v _76_/A (sky130_fd_sc_hd__ha_1)
     1    0.01    0.08    0.32    0.97 v _76_/SUM (sky130_fd_sc_hd__ha_1)
                                         _37_ (net)
                  0.08    0.00    0.97 v _70_/CIN (sky130_fd_sc_hd__fa_1)
     1    0.01    0.09    0.40    1.36 v _70_/COUT (sky130_fd_sc_hd__fa_1)
                                         _38_ (net)
                  0.09    0.00    1.36 v _71_/B (sky130_fd_sc_hd__fa_1)
     1    0.00    0.06    0.51    1.88 ^ _71_/SUM (sky130_fd_sc_hd__fa_1)
                                         _40_ (net)
                  0.06    0.00    1.88 ^ _79_/B (sky130_fd_sc_hd__ha_1)
     1    0.00    0.05    0.13    2.01 ^ _79_/COUT (sky130_fd_sc_hd__ha_1)
                                         _32_ (net)
                  0.05    0.00    2.01 ^ _66_/A (sky130_fd_sc_hd__inv_1)
     1    0.01    0.03    0.05    2.06 v _66_/Y (sky130_fd_sc_hd__inv_1)
                                         _18_ (net)
                  0.03    0.00    2.06 v _74_/CIN (sky130_fd_sc_hd__fa_1)
     1    0.00    0.07    0.35    2.40 v _74_/COUT (sky130_fd_sc_hd__fa_1)
                                         _19_ (net)
                  0.07    0.00    2.40 v _53_/A (sky130_fd_sc_hd__inv_1)
     1    0.01    0.05    0.07    2.47 ^ _53_/Y (sky130_fd_sc_hd__inv_1)
                                         _23_ (net)
                  0.05    0.00    2.47 ^ _75_/CIN (sky130_fd_sc_hd__fa_1)
     1    0.00    0.07    0.40    2.87 v _75_/SUM (sky130_fd_sc_hd__fa_1)
                                         net15 (net)
                  0.07    0.00    2.87 v output15/A (sky130_fd_sc_hd__clkdlybuf4s50_1)
     1    0.00    0.06    0.44    3.31 v output15/X (sky130_fd_sc_hd__clkdlybuf4s50_1)
                                         p[6] (net)
                  0.06    0.00    3.31 v p[6] (out)
                                  3.31   data arrival time
-----------------------------------------------------------------------------
(Path is unconstrained)



==========================================================================
finish report_check_types -max_slew -max_cap -max_fanout -violators
--------------------------------------------------------------------------

==========================================================================
finish max_slew_check_slack
--------------------------------------------------------------------------
1.3511830568313599

==========================================================================
finish max_slew_check_limit
--------------------------------------------------------------------------
1.4953149557113647

==========================================================================
finish max_slew_check_slack_limit
--------------------------------------------------------------------------
0.9036

==========================================================================
finish max_fanout_check_slack
--------------------------------------------------------------------------
1.0000000150474662e+30

==========================================================================
finish max_fanout_check_limit
--------------------------------------------------------------------------
1.0000000150474662e+30

==========================================================================
finish max_capacitance_check_slack
--------------------------------------------------------------------------
0.1428840309381485

==========================================================================
finish max_capacitance_check_limit
--------------------------------------------------------------------------
0.15656499564647675

==========================================================================
finish max_capacitance_check_slack_limit
--------------------------------------------------------------------------
0.9126

==========================================================================
finish max_slew_violation_count
--------------------------------------------------------------------------
max slew violation count 0

==========================================================================
finish max_fanout_violation_count
--------------------------------------------------------------------------
max fanout violation count 0

==========================================================================
finish max_cap_violation_count
--------------------------------------------------------------------------
max cap violation count 0

==========================================================================
finish setup_violation_count
--------------------------------------------------------------------------
setup violation count 0

==========================================================================
finish hold_violation_count
--------------------------------------------------------------------------
hold violation count 0

==========================================================================
finish critical path delay
--------------------------------------------------------------------------
-1

==========================================================================
finish critical path slack
--------------------------------------------------------------------------
0

==========================================================================
finish slack div critical path delay
--------------------------------------------------------------------------
0.000000

==========================================================================
finish report_power
--------------------------------------------------------------------------
Group                  Internal  Switching    Leakage      Total
                          Power      Power      Power      Power (Watts)
----------------------------------------------------------------
Sequential             0.00e+00   0.00e+00   0.00e+00   0.00e+00   0.0%
Combinational          1.88e-04   9.47e-05   2.50e-10   2.82e-04 100.0%
Clock                  0.00e+00   0.00e+00   0.00e+00   0.00e+00   0.0%
Macro                  0.00e+00   0.00e+00   0.00e+00   0.00e+00   0.0%
Pad                    0.00e+00   0.00e+00   0.00e+00   0.00e+00   0.0%
----------------------------------------------------------------
Total                  1.88e-04   9.47e-05   2.50e-10   2.82e-04 100.0%
                          66.5%      33.5%       0.0%
