
==========================================================================
floorplan final report_tns
--------------------------------------------------------------------------
tns max 0.00

==========================================================================
floorplan final report_wns
--------------------------------------------------------------------------
wns max 0.00

==========================================================================
floorplan final report_worst_slack
--------------------------------------------------------------------------
worst slack max INF

==========================================================================
floorplan final report_clock_min_period
--------------------------------------------------------------------------

==========================================================================
floorplan final report_checks -path_delay min
--------------------------------------------------------------------------
No paths found.

==========================================================================
floorplan final report_checks -path_delay max
--------------------------------------------------------------------------
No paths found.

==========================================================================
floorplan final report_checks -unconstrained
--------------------------------------------------------------------------
Startpoint: V1 (input port)
Endpoint: Qe (output port)
Path Group: unconstrained
Path Type: max

Fanout     Cap    Slew   Delay    Time   Description
-----------------------------------------------------------------------------
                          0.00    0.00 ^ input external delay
     2    0.00    0.00    0.00    0.00 ^ V1 (in)
                                         V1 (net)
                  0.00    0.00    0.00 ^ _190_/A (sky130_fd_sc_hd__buf_4)
    10    0.03    0.08    0.12    0.12 ^ _190_/X (sky130_fd_sc_hd__buf_4)
                                         _113_ (net)
                  0.08    0.00    0.12 ^ _205_/B (sky130_fd_sc_hd__and2b_4)
     5    0.01    0.07    0.18    0.30 ^ _205_/X (sky130_fd_sc_hd__and2b_4)
                                         _128_ (net)
                  0.07    0.00    0.30 ^ _206_/B (sky130_fd_sc_hd__nand2_2)
     2    0.00    0.04    0.05    0.35 v _206_/Y (sky130_fd_sc_hd__nand2_2)
                                         _129_ (net)
                  0.04    0.00    0.35 v _263_/A2 (sky130_fd_sc_hd__a221o_1)
     1    0.00    0.05    0.33    0.68 v _263_/X (sky130_fd_sc_hd__a221o_1)
                                         _002_ (net)
                  0.05    0.00    0.68 v _264_/D (sky130_fd_sc_hd__and4_4)
     3    0.01    0.04    0.19    0.88 v _264_/X (sky130_fd_sc_hd__and4_4)
                                         _003_ (net)
                  0.04    0.00    0.88 v _342_/C (sky130_fd_sc_hd__and3_1)
     1    0.00    0.04    0.17    1.04 v _342_/X (sky130_fd_sc_hd__and3_1)
                                         _077_ (net)
                  0.04    0.00    1.04 v _348_/A1 (sky130_fd_sc_hd__o21ai_1)
     1    0.00    0.13    0.14    1.19 ^ _348_/Y (sky130_fd_sc_hd__o21ai_1)
                                         _083_ (net)
                  0.13    0.00    1.19 ^ _349_/B (sky130_fd_sc_hd__xor2_1)
     1    0.00    0.07    0.11    1.30 ^ _349_/X (sky130_fd_sc_hd__xor2_1)
                                         Qe (net)
                  0.07    0.00    1.30 ^ Qe (out)
                                  1.30   data arrival time
-----------------------------------------------------------------------------
(Path is unconstrained)



==========================================================================
floorplan final report_power
--------------------------------------------------------------------------
Group                  Internal  Switching    Leakage      Total
                          Power      Power      Power      Power (Watts)
----------------------------------------------------------------
Sequential             0.00e+00   0.00e+00   0.00e+00   0.00e+00   0.0%
Combinational          2.09e-04   1.99e-04   4.68e-10   4.07e-04 100.0%
Clock                  0.00e+00   0.00e+00   0.00e+00   0.00e+00   0.0%
Macro                  0.00e+00   0.00e+00   0.00e+00   0.00e+00   0.0%
Pad                    0.00e+00   0.00e+00   0.00e+00   0.00e+00   0.0%
----------------------------------------------------------------
Total                  2.09e-04   1.99e-04   4.68e-10   4.07e-04 100.0%
                          51.2%      48.8%       0.0%
