
==========================================================================
resizer report_tns
--------------------------------------------------------------------------
tns max 0.00

==========================================================================
resizer report_wns
--------------------------------------------------------------------------
wns max 0.00

==========================================================================
resizer report_worst_slack
--------------------------------------------------------------------------
worst slack max INF

==========================================================================
resizer report_clock_min_period
--------------------------------------------------------------------------

==========================================================================
resizer report_checks -path_delay min
--------------------------------------------------------------------------
No paths found.

==========================================================================
resizer report_checks -path_delay max
--------------------------------------------------------------------------
No paths found.

==========================================================================
resizer report_checks -unconstrained
--------------------------------------------------------------------------
Startpoint: V2 (input port)
Endpoint: Qe (output port)
Path Group: unconstrained
Path Type: max

Fanout     Cap    Slew   Delay    Time   Description
-----------------------------------------------------------------------------
                          0.00    0.00 ^ input external delay
     1    0.02    0.00    0.00    0.00 ^ V2 (in)
                                         V2 (net)
                  0.00    0.00    0.00 ^ input11/A (sky130_fd_sc_hd__clkdlybuf4s50_1)
    26    0.09    0.86    1.04    1.04 ^ input11/X (sky130_fd_sc_hd__clkdlybuf4s50_1)
                                         net11 (net)
                  0.86    0.00    1.04 ^ _210_/C_N (sky130_fd_sc_hd__nor3b_2)
     5    0.02    0.40    0.48    1.52 ^ _210_/Y (sky130_fd_sc_hd__nor3b_2)
                                         _133_ (net)
                  0.40    0.00    1.52 ^ _231_/B (sky130_fd_sc_hd__and3b_1)
     1    0.00    0.07    0.23    1.76 ^ _231_/X (sky130_fd_sc_hd__and3b_1)
                                         _154_ (net)
                  0.07    0.00    1.76 ^ _232_/B1 (sky130_fd_sc_hd__a41oi_1)
     1    0.00    0.11    0.04    1.80 v _232_/Y (sky130_fd_sc_hd__a41oi_1)
                                         _155_ (net)
                  0.11    0.00    1.80 v _242_/B (sky130_fd_sc_hd__and4_1)
     3    0.01    0.08    0.24    2.04 v _242_/X (sky130_fd_sc_hd__and4_1)
                                         _165_ (net)
                  0.08    0.00    2.04 v _342_/B (sky130_fd_sc_hd__and3_1)
     1    0.00    0.04    0.18    2.22 v _342_/X (sky130_fd_sc_hd__and3_1)
                                         _077_ (net)
                  0.04    0.00    2.22 v _348_/A1 (sky130_fd_sc_hd__o21ai_1)
     1    0.01    0.14    0.16    2.38 ^ _348_/Y (sky130_fd_sc_hd__o21ai_1)
                                         _083_ (net)
                  0.14    0.00    2.38 ^ _349_/B (sky130_fd_sc_hd__xor2_1)
     1    0.01    0.30    0.30    2.67 ^ _349_/X (sky130_fd_sc_hd__xor2_1)
                                         net19 (net)
                  0.30    0.00    2.67 ^ output19/A (sky130_fd_sc_hd__clkdlybuf4s50_1)
     1    0.00    0.04    0.53    3.21 ^ output19/X (sky130_fd_sc_hd__clkdlybuf4s50_1)
                                         Qe (net)
                  0.04    0.00    3.21 ^ Qe (out)
                                  3.21   data arrival time
-----------------------------------------------------------------------------
(Path is unconstrained)



==========================================================================
resizer report_check_types -max_slew -max_cap -max_fanout -violators
--------------------------------------------------------------------------

==========================================================================
resizer max_slew_check_slack
--------------------------------------------------------------------------
0.5598433017730713

==========================================================================
resizer max_slew_check_limit
--------------------------------------------------------------------------
1.4953149557113647

==========================================================================
resizer max_slew_check_slack_limit
--------------------------------------------------------------------------
0.3744

==========================================================================
resizer max_fanout_check_slack
--------------------------------------------------------------------------
1.0000000150474662e+30

==========================================================================
resizer max_fanout_check_limit
--------------------------------------------------------------------------
1.0000000150474662e+30

==========================================================================
resizer max_capacitance_check_slack
--------------------------------------------------------------------------
0.025404255837202072

==========================================================================
resizer max_capacitance_check_limit
--------------------------------------------------------------------------
0.02930700220167637

==========================================================================
resizer max_capacitance_check_slack_limit
--------------------------------------------------------------------------
0.8668

==========================================================================
resizer max_slew_violation_count
--------------------------------------------------------------------------
max slew violation count 0

==========================================================================
resizer max_fanout_violation_count
--------------------------------------------------------------------------
max fanout violation count 0

==========================================================================
resizer max_cap_violation_count
--------------------------------------------------------------------------
max cap violation count 0

==========================================================================
resizer setup_violation_count
--------------------------------------------------------------------------
setup violation count 0

==========================================================================
resizer hold_violation_count
--------------------------------------------------------------------------
hold violation count 0

==========================================================================
resizer critical path delay
--------------------------------------------------------------------------
-1

==========================================================================
resizer critical path slack
--------------------------------------------------------------------------
0

==========================================================================
resizer slack div critical path delay
--------------------------------------------------------------------------
0.000000

==========================================================================
resizer report_power
--------------------------------------------------------------------------
Group                  Internal  Switching    Leakage      Total
                          Power      Power      Power      Power (Watts)
----------------------------------------------------------------
Sequential             0.00e+00   0.00e+00   0.00e+00   0.00e+00   0.0%
Combinational          2.93e-04   3.54e-04   4.91e-10   6.46e-04 100.0%
Clock                  0.00e+00   0.00e+00   0.00e+00   0.00e+00   0.0%
Macro                  0.00e+00   0.00e+00   0.00e+00   0.00e+00   0.0%
Pad                    0.00e+00   0.00e+00   0.00e+00   0.00e+00   0.0%
----------------------------------------------------------------
Total                  2.93e-04   3.54e-04   4.91e-10   6.46e-04 100.0%
                          45.3%      54.7%       0.0%
