
==========================================================================
finish report_tns
--------------------------------------------------------------------------
tns max 0.00

==========================================================================
finish report_wns
--------------------------------------------------------------------------
wns max 0.00

==========================================================================
finish report_worst_slack
--------------------------------------------------------------------------
worst slack max INF

==========================================================================
finish report_clock_min_period
--------------------------------------------------------------------------

==========================================================================
finish report_clock_skew
--------------------------------------------------------------------------

==========================================================================
finish report_checks -path_delay min
--------------------------------------------------------------------------
No paths found.

==========================================================================
finish report_checks -path_delay max
--------------------------------------------------------------------------
No paths found.

==========================================================================
finish report_checks -unconstrained
--------------------------------------------------------------------------
Startpoint: V2 (input port)
Endpoint: Qe (output port)
Path Group: unconstrained
Path Type: max

Fanout     Cap    Slew   Delay    Time   Description
-----------------------------------------------------------------------------
                          0.00    0.00 ^ input external delay
     1    0.01    0.00    0.00    0.00 ^ V2 (in)
                                         V2 (net)
                  0.00    0.00    0.00 ^ input11/A (sky130_fd_sc_hd__clkdlybuf4s50_1)
    26    0.09    0.90    1.06    1.06 ^ input11/X (sky130_fd_sc_hd__clkdlybuf4s50_1)
                                         net11 (net)
                  0.90    0.01    1.07 ^ _210_/C_N (sky130_fd_sc_hd__nor3b_2)
     5    0.02    0.42    0.50    1.57 ^ _210_/Y (sky130_fd_sc_hd__nor3b_2)
                                         _133_ (net)
                  0.42    0.00    1.57 ^ _231_/B (sky130_fd_sc_hd__and3b_1)
     1    0.00    0.07    0.24    1.80 ^ _231_/X (sky130_fd_sc_hd__and3b_1)
                                         _154_ (net)
                  0.07    0.00    1.80 ^ _232_/B1 (sky130_fd_sc_hd__a41oi_1)
     1    0.00    0.11    0.04    1.85 v _232_/Y (sky130_fd_sc_hd__a41oi_1)
                                         _155_ (net)
                  0.11    0.00    1.85 v _242_/B (sky130_fd_sc_hd__and4_1)
     3    0.01    0.08    0.24    2.09 v _242_/X (sky130_fd_sc_hd__and4_1)
                                         _165_ (net)
                  0.08    0.00    2.09 v _342_/B (sky130_fd_sc_hd__and3_1)
     1    0.00    0.04    0.17    2.26 v _342_/X (sky130_fd_sc_hd__and3_1)
                                         _077_ (net)
                  0.04    0.00    2.26 v _348_/A1 (sky130_fd_sc_hd__o21ai_1)
     1    0.01    0.15    0.16    2.42 ^ _348_/Y (sky130_fd_sc_hd__o21ai_1)
                                         _083_ (net)
                  0.15    0.00    2.42 ^ _349_/B (sky130_fd_sc_hd__xor2_1)
     1    0.01    0.22    0.23    2.66 ^ _349_/X (sky130_fd_sc_hd__xor2_1)
                                         net19 (net)
                  0.22    0.00    2.66 ^ output19/A (sky130_fd_sc_hd__clkdlybuf4s50_1)
     1    0.00    0.04    0.51    3.17 ^ output19/X (sky130_fd_sc_hd__clkdlybuf4s50_1)
                                         Qe (net)
                  0.04    0.00    3.17 ^ Qe (out)
                                  3.17   data arrival time
-----------------------------------------------------------------------------
(Path is unconstrained)



==========================================================================
finish report_check_types -max_slew -max_cap -max_fanout -violators
--------------------------------------------------------------------------

==========================================================================
finish max_slew_check_slack
--------------------------------------------------------------------------
0.5490419268608093

==========================================================================
finish max_slew_check_limit
--------------------------------------------------------------------------
1.4953149557113647

==========================================================================
finish max_slew_check_slack_limit
--------------------------------------------------------------------------
0.3672

==========================================================================
finish max_fanout_check_slack
--------------------------------------------------------------------------
1.0000000150474662e+30

==========================================================================
finish max_fanout_check_limit
--------------------------------------------------------------------------
1.0000000150474662e+30

==========================================================================
finish max_capacitance_check_slack
--------------------------------------------------------------------------
0.026074521243572235

==========================================================================
finish max_capacitance_check_limit
--------------------------------------------------------------------------
0.02930700220167637

==========================================================================
finish max_capacitance_check_slack_limit
--------------------------------------------------------------------------
0.8897

==========================================================================
finish max_slew_violation_count
--------------------------------------------------------------------------
max slew violation count 0

==========================================================================
finish max_fanout_violation_count
--------------------------------------------------------------------------
max fanout violation count 0

==========================================================================
finish max_cap_violation_count
--------------------------------------------------------------------------
max cap violation count 0

==========================================================================
finish setup_violation_count
--------------------------------------------------------------------------
setup violation count 0

==========================================================================
finish hold_violation_count
--------------------------------------------------------------------------
hold violation count 0

==========================================================================
finish critical path delay
--------------------------------------------------------------------------
-1

==========================================================================
finish critical path slack
--------------------------------------------------------------------------
0

==========================================================================
finish slack div critical path delay
--------------------------------------------------------------------------
0.000000

==========================================================================
finish report_power
--------------------------------------------------------------------------
Group                  Internal  Switching    Leakage      Total
                          Power      Power      Power      Power (Watts)
----------------------------------------------------------------
Sequential             0.00e+00   0.00e+00   0.00e+00   0.00e+00   0.0%
Combinational          2.93e-04   3.54e-04   4.91e-10   6.46e-04 100.0%
Clock                  0.00e+00   0.00e+00   0.00e+00   0.00e+00   0.0%
Macro                  0.00e+00   0.00e+00   0.00e+00   0.00e+00   0.0%
Pad                    0.00e+00   0.00e+00   0.00e+00   0.00e+00   0.0%
----------------------------------------------------------------
Total                  2.93e-04   3.54e-04   4.91e-10   6.46e-04 100.0%
                          45.3%      54.7%       0.0%
