==========================================================================
cts final report_tns
--------------------------------------------------------------------------
tns max -0.13

==========================================================================
cts final report_wns
--------------------------------------------------------------------------
wns max -0.09

==========================================================================
cts final report_worst_slack
--------------------------------------------------------------------------
worst slack max -0.09

==========================================================================
cts final report_clock_min_period
--------------------------------------------------------------------------
clk period_min = 0.69 fmax = 1445.99

==========================================================================
cts final report_clock_skew
--------------------------------------------------------------------------
Clock clk
   0.25 source latency state[4]$_DFF_P_/CLK ^
  -0.25 target latency state[1]$_DFF_P_/CLK ^
   0.00 CRPR
--------------
  -0.00 setup skew

==========================================================================
cts final report_checks -path_delay min
--------------------------------------------------------------------------
Startpoint: state[4]$_DFF_P_ (rising edge-triggered flip-flop clocked by clk)
Endpoint: state[2]$_DFF_P_ (rising edge-triggered flip-flop clocked by clk)

==========================================================================
cts final report_checks -path_delay max
--------------------------------------------------------------------------
Startpoint: state[2]$_DFF_P_ (rising edge-triggered flip-flop clocked by clk)
Endpoint: state[2]$_DFF_P_ (rising edge-triggered flip-flop clocked by clk)

==========================================================================
cts final max_slew_violation_count
--------------------------------------------------------------------------
0

==========================================================================
cts final max_fanout_violation_count
--------------------------------------------------------------------------
1

==========================================================================
cts final max_cap_violation_count
--------------------------------------------------------------------------
0

==========================================================================
cts final setup_violation_count
--------------------------------------------------------------------------
2

==========================================================================
cts final hold_violation_count
--------------------------------------------------------------------------
0

==========================================================================
cts final critical path delay
--------------------------------------------------------------------------
0.83

==========================================================================
cts final critical path slack
--------------------------------------------------------------------------
-0.09

==========================================================================
cts final slack div critical path delay
--------------------------------------------------------------------------
-0.1084
