
==========================================================================
global place report_tns
--------------------------------------------------------------------------
tns max 0.00

==========================================================================
global place report_wns
--------------------------------------------------------------------------
wns max 0.00

==========================================================================
global place report_worst_slack
--------------------------------------------------------------------------
worst slack max 7.27

==========================================================================
global place report_clock_min_period
--------------------------------------------------------------------------
clk period_min = 2.73 fmax = 366.40

==========================================================================
global place report_checks -path_delay min
--------------------------------------------------------------------------
Startpoint: core.datapath.lut_ff60$_SDFF_PN0_
            (rising edge-triggered flip-flop clocked by clk)
Endpoint: core.datapath.lut_ff59$_SDFF_PN0_
          (rising edge-triggered flip-flop clocked by clk)
Path Group: clk
Path Type: min

Fanout     Cap    Slew   Delay    Time   Description
-----------------------------------------------------------------------------
                  0.00    0.00    0.00   clock clk (rise edge)
                          0.00    0.00   clock network delay (ideal)
                  0.00    0.00    0.00 ^ core.datapath.lut_ff60$_SDFF_PN0_/CLK (sky130_fd_sc_hd__dfxtp_1)
     1    0.00    0.03    0.28    0.28 ^ core.datapath.lut_ff60$_SDFF_PN0_/Q (sky130_fd_sc_hd__dfxtp_1)
                                         core.datapath.lut_ff60 (net)
                  0.03    0.00    0.28 ^ _0824_/B (sky130_fd_sc_hd__and2_1)
     1    0.00    0.04    0.10    0.38 ^ _0824_/X (sky130_fd_sc_hd__and2_1)
                                         _0035_ (net)
                  0.04    0.00    0.38 ^ core.datapath.lut_ff59$_SDFF_PN0_/D (sky130_fd_sc_hd__dfxtp_1)
                                  0.38   data arrival time

                  0.00    0.00    0.00   clock clk (rise edge)
                          0.00    0.00   clock network delay (ideal)
                          0.00    0.00   clock reconvergence pessimism
                                  0.00 ^ core.datapath.lut_ff59$_SDFF_PN0_/CLK (sky130_fd_sc_hd__dfxtp_1)
                         -0.04   -0.04   library hold time
                                 -0.04   data required time
-----------------------------------------------------------------------------
                                 -0.04   data required time
                                 -0.38   data arrival time
-----------------------------------------------------------------------------
                                  0.42   slack (MET)



==========================================================================
global place report_checks -path_delay max
--------------------------------------------------------------------------
Startpoint: core.key_exp.round_counter[2]$_SDFFE_PN0P_
            (rising edge-triggered flip-flop clocked by clk)
Endpoint: core.key_exp.lut_ff3$_SDFFE_PN0P_
          (rising edge-triggered flip-flop clocked by clk)
Path Group: clk
Path Type: max

Fanout     Cap    Slew   Delay    Time   Description
-----------------------------------------------------------------------------
                  0.00    0.00    0.00   clock clk (rise edge)
                          0.00    0.00   clock network delay (ideal)
                  0.00    0.00    0.00 ^ core.key_exp.round_counter[2]$_SDFFE_PN0P_/CLK (sky130_fd_sc_hd__dfxtp_1)
    14    0.05    0.48    0.60    0.60 ^ core.key_exp.round_counter[2]$_SDFFE_PN0P_/Q (sky130_fd_sc_hd__dfxtp_1)
                                         core.datapath.round_counter[2] (net)
                  0.48    0.00    0.60 ^ _0754_/A (sky130_fd_sc_hd__inv_1)
     4    0.02    0.16    0.20    0.79 v _0754_/Y (sky130_fd_sc_hd__inv_1)
                                         _0000_ (net)
                  0.16    0.00    0.79 v _1488_/A (sky130_fd_sc_hd__ha_1)
     9    0.03    0.23    0.46    1.26 ^ _1488_/SUM (sky130_fd_sc_hd__ha_1)
                                         _0003_ (net)
                  0.23    0.00    1.26 ^ _1151_/C_N (sky130_fd_sc_hd__or3b_2)
     1    0.00    0.08    0.47    1.72 v _1151_/X (sky130_fd_sc_hd__or3b_2)
                                         _0730_ (net)
                  0.08    0.00    1.72 v _1153_/B (sky130_fd_sc_hd__nand3_1)
     1    0.00    0.09    0.10    1.82 ^ _1153_/Y (sky130_fd_sc_hd__nand3_1)
                                         _0732_ (net)
                  0.09    0.00    1.82 ^ _1156_/A3 (sky130_fd_sc_hd__a311oi_1)
     1    0.00    0.11    0.11    1.93 v _1156_/Y (sky130_fd_sc_hd__a311oi_1)
                                         _0735_ (net)
                  0.11    0.00    1.93 v _1160_/A2 (sky130_fd_sc_hd__o21a_1)
     3    0.01    0.06    0.22    2.15 v _1160_/X (sky130_fd_sc_hd__o21a_1)
                                         _0739_ (net)
                  0.06    0.00    2.15 v _1169_/B (sky130_fd_sc_hd__nor4b_1)
     1    0.01    0.33    0.35    2.51 ^ _1169_/Y (sky130_fd_sc_hd__nor4b_1)
                                         _0301_ (net)
                  0.33    0.00    2.51 ^ _1171_/B (sky130_fd_sc_hd__nor3b_1)
     1    0.00    0.07    0.09    2.60 v _1171_/Y (sky130_fd_sc_hd__nor3b_1)
                                         _0167_ (net)
                  0.07    0.00    2.60 v core.key_exp.lut_ff3$_SDFFE_PN0P_/D (sky130_fd_sc_hd__dfxtp_1)
                                  2.60   data arrival time

                  0.00   10.00   10.00   clock clk (rise edge)
                          0.00   10.00   clock network delay (ideal)
                          0.00   10.00   clock reconvergence pessimism
                                 10.00 ^ core.key_exp.lut_ff3$_SDFFE_PN0P_/CLK (sky130_fd_sc_hd__dfxtp_1)
                         -0.13    9.87   library setup time
                                  9.87   data required time
-----------------------------------------------------------------------------
                                  9.87   data required time
                                 -2.60   data arrival time
-----------------------------------------------------------------------------
                                  7.27   slack (MET)



==========================================================================
global place report_checks -unconstrained
--------------------------------------------------------------------------
Startpoint: core.key_exp.round_counter[2]$_SDFFE_PN0P_
            (rising edge-triggered flip-flop clocked by clk)
Endpoint: core.key_exp.lut_ff3$_SDFFE_PN0P_
          (rising edge-triggered flip-flop clocked by clk)
Path Group: clk
Path Type: max

Fanout     Cap    Slew   Delay    Time   Description
-----------------------------------------------------------------------------
                  0.00    0.00    0.00   clock clk (rise edge)
                          0.00    0.00   clock network delay (ideal)
                  0.00    0.00    0.00 ^ core.key_exp.round_counter[2]$_SDFFE_PN0P_/CLK (sky130_fd_sc_hd__dfxtp_1)
    14    0.05    0.48    0.60    0.60 ^ core.key_exp.round_counter[2]$_SDFFE_PN0P_/Q (sky130_fd_sc_hd__dfxtp_1)
                                         core.datapath.round_counter[2] (net)
                  0.48    0.00    0.60 ^ _0754_/A (sky130_fd_sc_hd__inv_1)
     4    0.02    0.16    0.20    0.79 v _0754_/Y (sky130_fd_sc_hd__inv_1)
                                         _0000_ (net)
                  0.16    0.00    0.79 v _1488_/A (sky130_fd_sc_hd__ha_1)
     9    0.03    0.23    0.46    1.26 ^ _1488_/SUM (sky130_fd_sc_hd__ha_1)
                                         _0003_ (net)
                  0.23    0.00    1.26 ^ _1151_/C_N (sky130_fd_sc_hd__or3b_2)
     1    0.00    0.08    0.47    1.72 v _1151_/X (sky130_fd_sc_hd__or3b_2)
                                         _0730_ (net)
                  0.08    0.00    1.72 v _1153_/B (sky130_fd_sc_hd__nand3_1)
     1    0.00    0.09    0.10    1.82 ^ _1153_/Y (sky130_fd_sc_hd__nand3_1)
                                         _0732_ (net)
                  0.09    0.00    1.82 ^ _1156_/A3 (sky130_fd_sc_hd__a311oi_1)
     1    0.00    0.11    0.11    1.93 v _1156_/Y (sky130_fd_sc_hd__a311oi_1)
                                         _0735_ (net)
                  0.11    0.00    1.93 v _1160_/A2 (sky130_fd_sc_hd__o21a_1)
     3    0.01    0.06    0.22    2.15 v _1160_/X (sky130_fd_sc_hd__o21a_1)
                                         _0739_ (net)
                  0.06    0.00    2.15 v _1169_/B (sky130_fd_sc_hd__nor4b_1)
     1    0.01    0.33    0.35    2.51 ^ _1169_/Y (sky130_fd_sc_hd__nor4b_1)
                                         _0301_ (net)
                  0.33    0.00    2.51 ^ _1171_/B (sky130_fd_sc_hd__nor3b_1)
     1    0.00    0.07    0.09    2.60 v _1171_/Y (sky130_fd_sc_hd__nor3b_1)
                                         _0167_ (net)
                  0.07    0.00    2.60 v core.key_exp.lut_ff3$_SDFFE_PN0P_/D (sky130_fd_sc_hd__dfxtp_1)
                                  2.60   data arrival time

                  0.00   10.00   10.00   clock clk (rise edge)
                          0.00   10.00   clock network delay (ideal)
                          0.00   10.00   clock reconvergence pessimism
                                 10.00 ^ core.key_exp.lut_ff3$_SDFFE_PN0P_/CLK (sky130_fd_sc_hd__dfxtp_1)
                         -0.13    9.87   library setup time
                                  9.87   data required time
-----------------------------------------------------------------------------
                                  9.87   data required time
                                 -2.60   data arrival time
-----------------------------------------------------------------------------
                                  7.27   slack (MET)



==========================================================================
global place report_power
--------------------------------------------------------------------------
Group                  Internal  Switching    Leakage      Total
                          Power      Power      Power      Power (Watts)
----------------------------------------------------------------
Sequential             1.15e-03   1.49e-06   2.26e-09   1.15e-03  93.7%
Combinational          2.80e-05   4.86e-05   2.29e-09   7.66e-05   6.3%
Clock                  0.00e+00   0.00e+00   0.00e+00   0.00e+00   0.0%
Macro                  0.00e+00   0.00e+00   0.00e+00   0.00e+00   0.0%
Pad                    0.00e+00   0.00e+00   0.00e+00   0.00e+00   0.0%
----------------------------------------------------------------
Total                  1.17e-03   5.01e-05   4.56e-09   1.22e-03 100.0%
                          95.9%       4.1%       0.0%
