
==========================================================================
finish report_tns
--------------------------------------------------------------------------
tns max 0.00

==========================================================================
finish report_wns
--------------------------------------------------------------------------
wns max 0.00

==========================================================================
finish report_worst_slack
--------------------------------------------------------------------------
worst slack max 6.82

==========================================================================
finish report_clock_min_period
--------------------------------------------------------------------------
clk period_min = 13.18 fmax = 75.86

==========================================================================
finish report_clock_skew
--------------------------------------------------------------------------
Clock clk
   0.28 source latency duty_reg[0]$_SDFFE_PN0P_/CLK ^
  -0.28 target latency counter[11]$_SDFFE_PP0P_/CLK ^
   0.00 CRPR
--------------
   0.00 setup skew


==========================================================================
finish report_checks -path_delay min
--------------------------------------------------------------------------
Startpoint: counter[10]$_SDFFE_PP0P_
            (rising edge-triggered flip-flop clocked by clk)
Endpoint: counter[10]$_SDFFE_PP0P_
          (rising edge-triggered flip-flop clocked by clk)
Path Group: clk
Path Type: min

Fanout     Cap    Slew   Delay    Time   Description
-----------------------------------------------------------------------------
                          0.00    0.00   clock clk (rise edge)
                          0.00    0.00   clock source latency
     1    0.01    0.00    0.00    0.00 ^ clk (in)
                                         clk (net)
                  0.00    0.00    0.00 ^ clkbuf_0_clk/A (sky130_fd_sc_hd__clkbuf_16)
     4    0.05    0.07    0.13    0.13 ^ clkbuf_0_clk/X (sky130_fd_sc_hd__clkbuf_16)
                                         clknet_0_clk (net)
                  0.07    0.00    0.13 ^ clkbuf_2_3__f_clk/A (sky130_fd_sc_hd__clkbuf_16)
     8    0.03    0.05    0.14    0.27 ^ clkbuf_2_3__f_clk/X (sky130_fd_sc_hd__clkbuf_16)
                                         clknet_2_3__leaf_clk (net)
                  0.05    0.00    0.28 ^ counter[10]$_SDFFE_PP0P_/CLK (sky130_fd_sc_hd__dfxtp_1)
     4    0.02    0.09    0.35    0.63 v counter[10]$_SDFFE_PP0P_/Q (sky130_fd_sc_hd__dfxtp_1)
                                         counter[10] (net)
                  0.09    0.00    0.63 v _1920_/A (sky130_fd_sc_hd__xnor2_1)
     1    0.00    0.05    0.16    0.79 ^ _1920_/Y (sky130_fd_sc_hd__xnor2_1)
                                         _0391_ (net)
                  0.05    0.00    0.79 ^ _1921_/B (sky130_fd_sc_hd__nor2_1)
     1    0.00    0.02    0.04    0.82 v _1921_/Y (sky130_fd_sc_hd__nor2_1)
                                         _0276_ (net)
                  0.02    0.00    0.82 v counter[10]$_SDFFE_PP0P_/D (sky130_fd_sc_hd__dfxtp_1)
                                  0.82   data arrival time

                          0.00    0.00   clock clk (rise edge)
                          0.00    0.00   clock source latency
     1    0.01    0.00    0.00    0.00 ^ clk (in)
                                         clk (net)
                  0.00    0.00    0.00 ^ clkbuf_0_clk/A (sky130_fd_sc_hd__clkbuf_16)
     4    0.05    0.07    0.13    0.13 ^ clkbuf_0_clk/X (sky130_fd_sc_hd__clkbuf_16)
                                         clknet_0_clk (net)
                  0.07    0.00    0.13 ^ clkbuf_2_3__f_clk/A (sky130_fd_sc_hd__clkbuf_16)
     8    0.03    0.05    0.14    0.27 ^ clkbuf_2_3__f_clk/X (sky130_fd_sc_hd__clkbuf_16)
                                         clknet_2_3__leaf_clk (net)
                  0.05    0.00    0.28 ^ counter[10]$_SDFFE_PP0P_/CLK (sky130_fd_sc_hd__dfxtp_1)
                          0.00    0.28   clock reconvergence pessimism
                         -0.04    0.23   library hold time
                                  0.23   data required time
-----------------------------------------------------------------------------
                                  0.23   data required time
                                 -0.82   data arrival time
-----------------------------------------------------------------------------
                                  0.59   slack (MET)



==========================================================================
finish report_checks -path_delay max
--------------------------------------------------------------------------
Startpoint: period_reg[4]$_SDFFE_PN0P_
            (rising edge-triggered flip-flop clocked by clk)
Endpoint: pwm_out_s$_DFF_P_ (rising edge-triggered flip-flop clocked by clk)
Path Group: clk
Path Type: max

Fanout     Cap    Slew   Delay    Time   Description
-----------------------------------------------------------------------------
                          0.00    0.00   clock clk (rise edge)
                          0.00    0.00   clock source latency
     1    0.01    0.00    0.00    0.00 ^ clk (in)
                                         clk (net)
                  0.00    0.00    0.00 ^ clkbuf_0_clk/A (sky130_fd_sc_hd__clkbuf_16)
     4    0.05    0.07    0.13    0.13 ^ clkbuf_0_clk/X (sky130_fd_sc_hd__clkbuf_16)
                                         clknet_0_clk (net)
                  0.07    0.00    0.13 ^ clkbuf_2_1__f_clk/A (sky130_fd_sc_hd__clkbuf_16)
    10    0.03    0.05    0.14    0.28 ^ clkbuf_2_1__f_clk/X (sky130_fd_sc_hd__clkbuf_16)
                                         clknet_2_1__leaf_clk (net)
                  0.05    0.00    0.28 ^ period_reg[4]$_SDFFE_PN0P_/CLK (sky130_fd_sc_hd__dfxtp_1)
    15    0.06    0.52    0.64    0.92 ^ period_reg[4]$_SDFFE_PN0P_/Q (sky130_fd_sc_hd__dfxtp_1)
                                         period_reg[4] (net)
                  0.52    0.00    0.92 ^ _1816_/A (sky130_fd_sc_hd__and2_1)
     1    0.01    0.12    0.26    1.18 ^ _1816_/X (sky130_fd_sc_hd__and2_1)
                                         _0059_ (net)
                  0.12    0.00    1.18 ^ _2028_/A (sky130_fd_sc_hd__fa_1)
     1    0.01    0.10    0.43    1.61 v _2028_/SUM (sky130_fd_sc_hd__fa_1)
                                         _1039_ (net)
                  0.10    0.00    1.61 v _2031_/A (sky130_fd_sc_hd__fa_1)
     1    0.01    0.10    0.51    2.12 v _2031_/SUM (sky130_fd_sc_hd__fa_1)
                                         _1045_ (net)
                  0.10    0.00    2.12 v _2035_/A (sky130_fd_sc_hd__fa_1)
     1    0.00    0.05    0.54    2.66 ^ _2035_/SUM (sky130_fd_sc_hd__fa_1)
                                         _0080_ (net)
                  0.05    0.00    2.66 ^ _1768_/A (sky130_fd_sc_hd__inv_1)
     1    0.01    0.04    0.05    2.72 v _1768_/Y (sky130_fd_sc_hd__inv_1)
                                         _0087_ (net)
                  0.04    0.00    2.72 v _2039_/A (sky130_fd_sc_hd__fa_1)
     1    0.00    0.06    0.53    3.25 ^ _2039_/SUM (sky130_fd_sc_hd__fa_1)
                                         _0091_ (net)
                  0.06    0.00    3.25 ^ _1828_/A (sky130_fd_sc_hd__inv_1)
     1    0.00    0.03    0.04    3.29 v _1828_/Y (sky130_fd_sc_hd__inv_1)
                                         _0226_ (net)
                  0.03    0.00    3.29 v _2098_/A (sky130_fd_sc_hd__ha_1)
     8    0.03    0.29    0.45    3.74 ^ _2098_/SUM (sky130_fd_sc_hd__ha_1)
                                         _0229_ (net)
                  0.29    0.00    3.74 ^ _1214_/A (sky130_fd_sc_hd__and3_1)
     5    0.02    0.16    0.29    4.03 ^ _1214_/X (sky130_fd_sc_hd__and3_1)
                                         _0503_ (net)
                  0.16    0.00    4.03 ^ _1215_/B1 (sky130_fd_sc_hd__o211ai_1)
     2    0.01    0.13    0.13    4.16 v _1215_/Y (sky130_fd_sc_hd__o211ai_1)
                                         _0504_ (net)
                  0.13    0.00    4.16 v _1216_/B1 (sky130_fd_sc_hd__a21oi_1)
     4    0.02    0.44    0.39    4.56 ^ _1216_/Y (sky130_fd_sc_hd__a21oi_1)
                                         _0505_ (net)
                  0.44    0.00    4.56 ^ _1264_/A1 (sky130_fd_sc_hd__o21ai_4)
     6    0.02    0.13    0.15    4.71 v _1264_/Y (sky130_fd_sc_hd__o21ai_4)
                                         _0553_ (net)
                  0.13    0.00    4.71 v _1299_/B (sky130_fd_sc_hd__nor2_2)
    17    0.06    0.67    0.55    5.26 ^ _1299_/Y (sky130_fd_sc_hd__nor2_2)
                                         _0586_ (net)
                  0.67    0.00    5.26 ^ _1326_/C1 (sky130_fd_sc_hd__o211ai_1)
     2    0.01    0.19    0.22    5.49 v _1326_/Y (sky130_fd_sc_hd__o211ai_1)
                                         _0613_ (net)
                  0.19    0.00    5.49 v _1328_/C (sky130_fd_sc_hd__and4bb_1)
    11    0.04    0.19    0.39    5.88 v _1328_/X (sky130_fd_sc_hd__and4bb_1)
                                         _0615_ (net)
                  0.19    0.00    5.88 v _1394_/B (sky130_fd_sc_hd__or3_1)
     3    0.01    0.10    0.44    6.32 v _1394_/X (sky130_fd_sc_hd__or3_1)
                                         _0680_ (net)
                  0.10    0.00    6.32 v _1416_/B1_N (sky130_fd_sc_hd__a21boi_0)
     1    0.01    0.26    0.19    6.51 v _1416_/Y (sky130_fd_sc_hd__a21boi_0)
                                         _0701_ (net)
                  0.26    0.00    6.51 v _1418_/A2 (sky130_fd_sc_hd__a2111oi_4)
     1    0.01    0.32    0.47    6.98 ^ _1418_/Y (sky130_fd_sc_hd__a2111oi_4)
                                         _0703_ (net)
                  0.32    0.00    6.98 ^ _1419_/C1 (sky130_fd_sc_hd__a221oi_4)
     4    0.02    0.12    0.10    7.08 v _1419_/Y (sky130_fd_sc_hd__a221oi_4)
                                         _0704_ (net)
                  0.12    0.00    7.08 v _1499_/A1 (sky130_fd_sc_hd__a211oi_2)
     2    0.01    0.27    0.29    7.37 ^ _1499_/Y (sky130_fd_sc_hd__a211oi_2)
                                         _0783_ (net)
                  0.27    0.00    7.37 ^ _1500_/S (sky130_fd_sc_hd__mux2_2)
    12    0.05    0.15    0.50    7.87 v _1500_/X (sky130_fd_sc_hd__mux2_2)
                                         _0784_ (net)
                  0.15    0.00    7.87 v _1503_/B1 (sky130_fd_sc_hd__a21oi_1)
     3    0.01    0.26    0.27    8.13 ^ _1503_/Y (sky130_fd_sc_hd__a21oi_1)
                                         _0786_ (net)
                  0.26    0.00    8.13 ^ _1510_/A2 (sky130_fd_sc_hd__a32o_1)
     2    0.01    0.14    0.28    8.41 ^ _1510_/X (sky130_fd_sc_hd__a32o_1)
                                         _0793_ (net)
                  0.14    0.00    8.41 ^ _1514_/A (sky130_fd_sc_hd__nor2_4)
     9    0.04    0.10    0.10    8.51 v _1514_/Y (sky130_fd_sc_hd__nor2_4)
                                         _0797_ (net)
                  0.10    0.00    8.51 v _1535_/A1 (sky130_fd_sc_hd__a21oi_1)
     5    0.02    0.44    0.38    8.89 ^ _1535_/Y (sky130_fd_sc_hd__a21oi_1)
                                         _0817_ (net)
                  0.44    0.00    8.89 ^ _1582_/A1 (sky130_fd_sc_hd__a22oi_1)
     1    0.01    0.13    0.18    9.07 v _1582_/Y (sky130_fd_sc_hd__a22oi_1)
                                         _0863_ (net)
                  0.13    0.00    9.07 v _1600_/A1 (sky130_fd_sc_hd__o32a_4)
     8    0.03    0.09    0.46    9.54 v _1600_/X (sky130_fd_sc_hd__o32a_4)
                                         _0881_ (net)
                  0.09    0.00    9.54 v _1648_/A1 (sky130_fd_sc_hd__o311ai_4)
     5    0.02    0.34    0.39    9.93 ^ _1648_/Y (sky130_fd_sc_hd__o311ai_4)
                                         _0928_ (net)
                  0.34    0.00    9.93 ^ _1652_/B (sky130_fd_sc_hd__nand3_2)
     3    0.01    0.14    0.17   10.10 v _1652_/Y (sky130_fd_sc_hd__nand3_2)
                                         _0932_ (net)
                  0.14    0.00   10.10 v _1663_/A2 (sky130_fd_sc_hd__o211a_4)
     7    0.02    0.06    0.30   10.39 v _1663_/X (sky130_fd_sc_hd__o211a_4)
                                         _0943_ (net)
                  0.06    0.00   10.40 v _1678_/C (sky130_fd_sc_hd__or4_4)
     3    0.01    0.10    0.50   10.90 v _1678_/X (sky130_fd_sc_hd__or4_4)
                                         _0957_ (net)
                  0.10    0.00   10.90 v _1697_/C (sky130_fd_sc_hd__nand4_1)
     4    0.01    0.17    0.18   11.08 ^ _1697_/Y (sky130_fd_sc_hd__nand4_1)
                                         _0975_ (net)
                  0.17    0.00   11.08 ^ _1699_/A (sky130_fd_sc_hd__nand2_1)
     1    0.00    0.07    0.08   11.16 v _1699_/Y (sky130_fd_sc_hd__nand2_1)
                                         _0977_ (net)
                  0.07    0.00   11.16 v _1700_/C (sky130_fd_sc_hd__maj3_1)
     3    0.01    0.11    0.41   11.57 v _1700_/X (sky130_fd_sc_hd__maj3_1)
                                         _0978_ (net)
                  0.11    0.00   11.57 v _1707_/A2 (sky130_fd_sc_hd__o21ai_0)
     2    0.01    0.22    0.23   11.80 ^ _1707_/Y (sky130_fd_sc_hd__o21ai_0)
                                         _0985_ (net)
                  0.22    0.00   11.80 ^ _1712_/A2 (sky130_fd_sc_hd__a21oi_1)
     1    0.00    0.10    0.10   11.90 v _1712_/Y (sky130_fd_sc_hd__a21oi_1)
                                         _0272_ (net)
                  0.10    0.00   11.90 v _2113_/B (sky130_fd_sc_hd__ha_1)
     1    0.00    0.04    0.19   12.10 v _2113_/COUT (sky130_fd_sc_hd__ha_1)
                                         _0273_ (net)
                  0.04    0.00   12.10 v _1736_/B2 (sky130_fd_sc_hd__a221oi_1)
     1    0.01    0.29    0.30   12.40 ^ _1736_/Y (sky130_fd_sc_hd__a221oi_1)
                                         _1013_ (net)
                  0.29    0.00   12.40 ^ _1744_/A2 (sky130_fd_sc_hd__o221ai_1)
     2    0.01    0.12    0.18   12.58 v _1744_/Y (sky130_fd_sc_hd__o221ai_1)
                                         _1021_ (net)
                  0.12    0.00   12.58 v _1746_/B1 (sky130_fd_sc_hd__a2111oi_0)
     1    0.00    0.33    0.37   12.95 ^ _1746_/Y (sky130_fd_sc_hd__a2111oi_0)
                                         _1023_ (net)
                  0.33    0.00   12.95 ^ _1747_/B1 (sky130_fd_sc_hd__o21ai_1)
     1    0.00    0.09    0.12   13.06 v _1747_/Y (sky130_fd_sc_hd__o21ai_1)
                                         _1024_ (net)
                  0.09    0.00   13.06 v _1763_/A1 (sky130_fd_sc_hd__o32ai_1)
     1    0.00    0.24    0.30   13.36 ^ _1763_/Y (sky130_fd_sc_hd__o32ai_1)
                                         _0000_ (net)
                  0.24    0.00   13.36 ^ pwm_out_s$_DFF_P_/D (sky130_fd_sc_hd__dfxtp_1)
                                 13.36   data arrival time

                         20.00   20.00   clock clk (rise edge)
                          0.00   20.00   clock source latency
     1    0.01    0.00    0.00   20.00 ^ clk (in)
                                         clk (net)
                  0.00    0.00   20.00 ^ clkbuf_0_clk/A (sky130_fd_sc_hd__clkbuf_16)
     4    0.05    0.07    0.13   20.13 ^ clkbuf_0_clk/X (sky130_fd_sc_hd__clkbuf_16)
                                         clknet_0_clk (net)
                  0.07    0.00   20.13 ^ clkbuf_2_3__f_clk/A (sky130_fd_sc_hd__clkbuf_16)
     8    0.03    0.05    0.14   20.27 ^ clkbuf_2_3__f_clk/X (sky130_fd_sc_hd__clkbuf_16)
                                         clknet_2_3__leaf_clk (net)
                  0.05    0.00   20.28 ^ pwm_out_s$_DFF_P_/CLK (sky130_fd_sc_hd__dfxtp_1)
                          0.00   20.28   clock reconvergence pessimism
                         -0.10   20.18   library setup time
                                 20.18   data required time
-----------------------------------------------------------------------------
                                 20.18   data required time
                                -13.36   data arrival time
-----------------------------------------------------------------------------
                                  6.82   slack (MET)



==========================================================================
finish report_checks -unconstrained
--------------------------------------------------------------------------
Startpoint: period_reg[4]$_SDFFE_PN0P_
            (rising edge-triggered flip-flop clocked by clk)
Endpoint: pwm_out_s$_DFF_P_ (rising edge-triggered flip-flop clocked by clk)
Path Group: clk
Path Type: max

Fanout     Cap    Slew   Delay    Time   Description
-----------------------------------------------------------------------------
                          0.00    0.00   clock clk (rise edge)
                          0.00    0.00   clock source latency
     1    0.01    0.00    0.00    0.00 ^ clk (in)
                                         clk (net)
                  0.00    0.00    0.00 ^ clkbuf_0_clk/A (sky130_fd_sc_hd__clkbuf_16)
     4    0.05    0.07    0.13    0.13 ^ clkbuf_0_clk/X (sky130_fd_sc_hd__clkbuf_16)
                                         clknet_0_clk (net)
                  0.07    0.00    0.13 ^ clkbuf_2_1__f_clk/A (sky130_fd_sc_hd__clkbuf_16)
    10    0.03    0.05    0.14    0.28 ^ clkbuf_2_1__f_clk/X (sky130_fd_sc_hd__clkbuf_16)
                                         clknet_2_1__leaf_clk (net)
                  0.05    0.00    0.28 ^ period_reg[4]$_SDFFE_PN0P_/CLK (sky130_fd_sc_hd__dfxtp_1)
    15    0.06    0.52    0.64    0.92 ^ period_reg[4]$_SDFFE_PN0P_/Q (sky130_fd_sc_hd__dfxtp_1)
                                         period_reg[4] (net)
                  0.52    0.00    0.92 ^ _1816_/A (sky130_fd_sc_hd__and2_1)
     1    0.01    0.12    0.26    1.18 ^ _1816_/X (sky130_fd_sc_hd__and2_1)
                                         _0059_ (net)
                  0.12    0.00    1.18 ^ _2028_/A (sky130_fd_sc_hd__fa_1)
     1    0.01    0.10    0.43    1.61 v _2028_/SUM (sky130_fd_sc_hd__fa_1)
                                         _1039_ (net)
                  0.10    0.00    1.61 v _2031_/A (sky130_fd_sc_hd__fa_1)
     1    0.01    0.10    0.51    2.12 v _2031_/SUM (sky130_fd_sc_hd__fa_1)
                                         _1045_ (net)
                  0.10    0.00    2.12 v _2035_/A (sky130_fd_sc_hd__fa_1)
     1    0.00    0.05    0.54    2.66 ^ _2035_/SUM (sky130_fd_sc_hd__fa_1)
                                         _0080_ (net)
                  0.05    0.00    2.66 ^ _1768_/A (sky130_fd_sc_hd__inv_1)
     1    0.01    0.04    0.05    2.72 v _1768_/Y (sky130_fd_sc_hd__inv_1)
                                         _0087_ (net)
                  0.04    0.00    2.72 v _2039_/A (sky130_fd_sc_hd__fa_1)
     1    0.00    0.06    0.53    3.25 ^ _2039_/SUM (sky130_fd_sc_hd__fa_1)
                                         _0091_ (net)
                  0.06    0.00    3.25 ^ _1828_/A (sky130_fd_sc_hd__inv_1)
     1    0.00    0.03    0.04    3.29 v _1828_/Y (sky130_fd_sc_hd__inv_1)
                                         _0226_ (net)
                  0.03    0.00    3.29 v _2098_/A (sky130_fd_sc_hd__ha_1)
     8    0.03    0.29    0.45    3.74 ^ _2098_/SUM (sky130_fd_sc_hd__ha_1)
                                         _0229_ (net)
                  0.29    0.00    3.74 ^ _1214_/A (sky130_fd_sc_hd__and3_1)
     5    0.02    0.16    0.29    4.03 ^ _1214_/X (sky130_fd_sc_hd__and3_1)
                                         _0503_ (net)
                  0.16    0.00    4.03 ^ _1215_/B1 (sky130_fd_sc_hd__o211ai_1)
     2    0.01    0.13    0.13    4.16 v _1215_/Y (sky130_fd_sc_hd__o211ai_1)
                                         _0504_ (net)
                  0.13    0.00    4.16 v _1216_/B1 (sky130_fd_sc_hd__a21oi_1)
     4    0.02    0.44    0.39    4.56 ^ _1216_/Y (sky130_fd_sc_hd__a21oi_1)
                                         _0505_ (net)
                  0.44    0.00    4.56 ^ _1264_/A1 (sky130_fd_sc_hd__o21ai_4)
     6    0.02    0.13    0.15    4.71 v _1264_/Y (sky130_fd_sc_hd__o21ai_4)
                                         _0553_ (net)
                  0.13    0.00    4.71 v _1299_/B (sky130_fd_sc_hd__nor2_2)
    17    0.06    0.67    0.55    5.26 ^ _1299_/Y (sky130_fd_sc_hd__nor2_2)
                                         _0586_ (net)
                  0.67    0.00    5.26 ^ _1326_/C1 (sky130_fd_sc_hd__o211ai_1)
     2    0.01    0.19    0.22    5.49 v _1326_/Y (sky130_fd_sc_hd__o211ai_1)
                                         _0613_ (net)
                  0.19    0.00    5.49 v _1328_/C (sky130_fd_sc_hd__and4bb_1)
    11    0.04    0.19    0.39    5.88 v _1328_/X (sky130_fd_sc_hd__and4bb_1)
                                         _0615_ (net)
                  0.19    0.00    5.88 v _1394_/B (sky130_fd_sc_hd__or3_1)
     3    0.01    0.10    0.44    6.32 v _1394_/X (sky130_fd_sc_hd__or3_1)
                                         _0680_ (net)
                  0.10    0.00    6.32 v _1416_/B1_N (sky130_fd_sc_hd__a21boi_0)
     1    0.01    0.26    0.19    6.51 v _1416_/Y (sky130_fd_sc_hd__a21boi_0)
                                         _0701_ (net)
                  0.26    0.00    6.51 v _1418_/A2 (sky130_fd_sc_hd__a2111oi_4)
     1    0.01    0.32    0.47    6.98 ^ _1418_/Y (sky130_fd_sc_hd__a2111oi_4)
                                         _0703_ (net)
                  0.32    0.00    6.98 ^ _1419_/C1 (sky130_fd_sc_hd__a221oi_4)
     4    0.02    0.12    0.10    7.08 v _1419_/Y (sky130_fd_sc_hd__a221oi_4)
                                         _0704_ (net)
                  0.12    0.00    7.08 v _1499_/A1 (sky130_fd_sc_hd__a211oi_2)
     2    0.01    0.27    0.29    7.37 ^ _1499_/Y (sky130_fd_sc_hd__a211oi_2)
                                         _0783_ (net)
                  0.27    0.00    7.37 ^ _1500_/S (sky130_fd_sc_hd__mux2_2)
    12    0.05    0.15    0.50    7.87 v _1500_/X (sky130_fd_sc_hd__mux2_2)
                                         _0784_ (net)
                  0.15    0.00    7.87 v _1503_/B1 (sky130_fd_sc_hd__a21oi_1)
     3    0.01    0.26    0.27    8.13 ^ _1503_/Y (sky130_fd_sc_hd__a21oi_1)
                                         _0786_ (net)
                  0.26    0.00    8.13 ^ _1510_/A2 (sky130_fd_sc_hd__a32o_1)
     2    0.01    0.14    0.28    8.41 ^ _1510_/X (sky130_fd_sc_hd__a32o_1)
                                         _0793_ (net)
                  0.14    0.00    8.41 ^ _1514_/A (sky130_fd_sc_hd__nor2_4)
     9    0.04    0.10    0.10    8.51 v _1514_/Y (sky130_fd_sc_hd__nor2_4)
                                         _0797_ (net)
                  0.10    0.00    8.51 v _1535_/A1 (sky130_fd_sc_hd__a21oi_1)
     5    0.02    0.44    0.38    8.89 ^ _1535_/Y (sky130_fd_sc_hd__a21oi_1)
                                         _0817_ (net)
                  0.44    0.00    8.89 ^ _1582_/A1 (sky130_fd_sc_hd__a22oi_1)
     1    0.01    0.13    0.18    9.07 v _1582_/Y (sky130_fd_sc_hd__a22oi_1)
                                         _0863_ (net)
                  0.13    0.00    9.07 v _1600_/A1 (sky130_fd_sc_hd__o32a_4)
     8    0.03    0.09    0.46    9.54 v _1600_/X (sky130_fd_sc_hd__o32a_4)
                                         _0881_ (net)
                  0.09    0.00    9.54 v _1648_/A1 (sky130_fd_sc_hd__o311ai_4)
     5    0.02    0.34    0.39    9.93 ^ _1648_/Y (sky130_fd_sc_hd__o311ai_4)
                                         _0928_ (net)
                  0.34    0.00    9.93 ^ _1652_/B (sky130_fd_sc_hd__nand3_2)
     3    0.01    0.14    0.17   10.10 v _1652_/Y (sky130_fd_sc_hd__nand3_2)
                                         _0932_ (net)
                  0.14    0.00   10.10 v _1663_/A2 (sky130_fd_sc_hd__o211a_4)
     7    0.02    0.06    0.30   10.39 v _1663_/X (sky130_fd_sc_hd__o211a_4)
                                         _0943_ (net)
                  0.06    0.00   10.40 v _1678_/C (sky130_fd_sc_hd__or4_4)
     3    0.01    0.10    0.50   10.90 v _1678_/X (sky130_fd_sc_hd__or4_4)
                                         _0957_ (net)
                  0.10    0.00   10.90 v _1697_/C (sky130_fd_sc_hd__nand4_1)
     4    0.01    0.17    0.18   11.08 ^ _1697_/Y (sky130_fd_sc_hd__nand4_1)
                                         _0975_ (net)
                  0.17    0.00   11.08 ^ _1699_/A (sky130_fd_sc_hd__nand2_1)
     1    0.00    0.07    0.08   11.16 v _1699_/Y (sky130_fd_sc_hd__nand2_1)
                                         _0977_ (net)
                  0.07    0.00   11.16 v _1700_/C (sky130_fd_sc_hd__maj3_1)
     3    0.01    0.11    0.41   11.57 v _1700_/X (sky130_fd_sc_hd__maj3_1)
                                         _0978_ (net)
                  0.11    0.00   11.57 v _1707_/A2 (sky130_fd_sc_hd__o21ai_0)
     2    0.01    0.22    0.23   11.80 ^ _1707_/Y (sky130_fd_sc_hd__o21ai_0)
                                         _0985_ (net)
                  0.22    0.00   11.80 ^ _1712_/A2 (sky130_fd_sc_hd__a21oi_1)
     1    0.00    0.10    0.10   11.90 v _1712_/Y (sky130_fd_sc_hd__a21oi_1)
                                         _0272_ (net)
                  0.10    0.00   11.90 v _2113_/B (sky130_fd_sc_hd__ha_1)
     1    0.00    0.04    0.19   12.10 v _2113_/COUT (sky130_fd_sc_hd__ha_1)
                                         _0273_ (net)
                  0.04    0.00   12.10 v _1736_/B2 (sky130_fd_sc_hd__a221oi_1)
     1    0.01    0.29    0.30   12.40 ^ _1736_/Y (sky130_fd_sc_hd__a221oi_1)
                                         _1013_ (net)
                  0.29    0.00   12.40 ^ _1744_/A2 (sky130_fd_sc_hd__o221ai_1)
     2    0.01    0.12    0.18   12.58 v _1744_/Y (sky130_fd_sc_hd__o221ai_1)
                                         _1021_ (net)
                  0.12    0.00   12.58 v _1746_/B1 (sky130_fd_sc_hd__a2111oi_0)
     1    0.00    0.33    0.37   12.95 ^ _1746_/Y (sky130_fd_sc_hd__a2111oi_0)
                                         _1023_ (net)
                  0.33    0.00   12.95 ^ _1747_/B1 (sky130_fd_sc_hd__o21ai_1)
     1    0.00    0.09    0.12   13.06 v _1747_/Y (sky130_fd_sc_hd__o21ai_1)
                                         _1024_ (net)
                  0.09    0.00   13.06 v _1763_/A1 (sky130_fd_sc_hd__o32ai_1)
     1    0.00    0.24    0.30   13.36 ^ _1763_/Y (sky130_fd_sc_hd__o32ai_1)
                                         _0000_ (net)
                  0.24    0.00   13.36 ^ pwm_out_s$_DFF_P_/D (sky130_fd_sc_hd__dfxtp_1)
                                 13.36   data arrival time

                         20.00   20.00   clock clk (rise edge)
                          0.00   20.00   clock source latency
     1    0.01    0.00    0.00   20.00 ^ clk (in)
                                         clk (net)
                  0.00    0.00   20.00 ^ clkbuf_0_clk/A (sky130_fd_sc_hd__clkbuf_16)
     4    0.05    0.07    0.13   20.13 ^ clkbuf_0_clk/X (sky130_fd_sc_hd__clkbuf_16)
                                         clknet_0_clk (net)
                  0.07    0.00   20.13 ^ clkbuf_2_3__f_clk/A (sky130_fd_sc_hd__clkbuf_16)
     8    0.03    0.05    0.14   20.27 ^ clkbuf_2_3__f_clk/X (sky130_fd_sc_hd__clkbuf_16)
                                         clknet_2_3__leaf_clk (net)
                  0.05    0.00   20.28 ^ pwm_out_s$_DFF_P_/CLK (sky130_fd_sc_hd__dfxtp_1)
                          0.00   20.28   clock reconvergence pessimism
                         -0.10   20.18   library setup time
                                 20.18   data required time
-----------------------------------------------------------------------------
                                 20.18   data required time
                                -13.36   data arrival time
-----------------------------------------------------------------------------
                                  6.82   slack (MET)



==========================================================================
finish report_check_types -max_slew -max_cap -max_fanout -violators
--------------------------------------------------------------------------

==========================================================================
finish max_slew_check_slack
--------------------------------------------------------------------------
0.6604557633399963

==========================================================================
finish max_slew_check_limit
--------------------------------------------------------------------------
1.4892979860305786

==========================================================================
finish max_slew_check_slack_limit
--------------------------------------------------------------------------
0.4435

==========================================================================
finish max_fanout_check_slack
--------------------------------------------------------------------------
1.0000000150474662e+30

==========================================================================
finish max_fanout_check_limit
--------------------------------------------------------------------------
1.0000000150474662e+30

==========================================================================
finish max_capacitance_check_slack
--------------------------------------------------------------------------
0.016538243740797043

==========================================================================
finish max_capacitance_check_limit
--------------------------------------------------------------------------
0.021067000925540924

==========================================================================
finish max_capacitance_check_slack_limit
--------------------------------------------------------------------------
0.7850

==========================================================================
finish max_slew_violation_count
--------------------------------------------------------------------------
max slew violation count 0

==========================================================================
finish max_fanout_violation_count
--------------------------------------------------------------------------
max fanout violation count 0

==========================================================================
finish max_cap_violation_count
--------------------------------------------------------------------------
max cap violation count 0

==========================================================================
finish setup_violation_count
--------------------------------------------------------------------------
setup violation count 0

==========================================================================
finish hold_violation_count
--------------------------------------------------------------------------
hold violation count 0

==========================================================================
finish report_checks -path_delay max reg to reg
--------------------------------------------------------------------------
Startpoint: period_reg[4]$_SDFFE_PN0P_
            (rising edge-triggered flip-flop clocked by clk)
Endpoint: pwm_out_s$_DFF_P_ (rising edge-triggered flip-flop clocked by clk)
Path Group: clk
Path Type: max

  Delay    Time   Description
---------------------------------------------------------
   0.00    0.00   clock clk (rise edge)
   0.00    0.00   clock source latency
   0.00    0.00 ^ clk (in)
   0.13    0.13 ^ clkbuf_0_clk/X (sky130_fd_sc_hd__clkbuf_16)
   0.14    0.28 ^ clkbuf_2_1__f_clk/X (sky130_fd_sc_hd__clkbuf_16)
   0.00    0.28 ^ period_reg[4]$_SDFFE_PN0P_/CLK (sky130_fd_sc_hd__dfxtp_1)
   0.64    0.92 ^ period_reg[4]$_SDFFE_PN0P_/Q (sky130_fd_sc_hd__dfxtp_1)
   0.26    1.18 ^ _1816_/X (sky130_fd_sc_hd__and2_1)
   0.43    1.61 v _2028_/SUM (sky130_fd_sc_hd__fa_1)
   0.51    2.12 v _2031_/SUM (sky130_fd_sc_hd__fa_1)
   0.54    2.66 ^ _2035_/SUM (sky130_fd_sc_hd__fa_1)
   0.05    2.72 v _1768_/Y (sky130_fd_sc_hd__inv_1)
   0.53    3.25 ^ _2039_/SUM (sky130_fd_sc_hd__fa_1)
   0.04    3.29 v _1828_/Y (sky130_fd_sc_hd__inv_1)
   0.45    3.74 ^ _2098_/SUM (sky130_fd_sc_hd__ha_1)
   0.29    4.03 ^ _1214_/X (sky130_fd_sc_hd__and3_1)
   0.14    4.16 v _1215_/Y (sky130_fd_sc_hd__o211ai_1)
   0.39    4.56 ^ _1216_/Y (sky130_fd_sc_hd__a21oi_1)
   0.15    4.71 v _1264_/Y (sky130_fd_sc_hd__o21ai_4)
   0.55    5.26 ^ _1299_/Y (sky130_fd_sc_hd__nor2_2)
   0.23    5.49 v _1326_/Y (sky130_fd_sc_hd__o211ai_1)
   0.39    5.88 v _1328_/X (sky130_fd_sc_hd__and4bb_1)
   0.44    6.32 v _1394_/X (sky130_fd_sc_hd__or3_1)
   0.19    6.51 v _1416_/Y (sky130_fd_sc_hd__a21boi_0)
   0.47    6.98 ^ _1418_/Y (sky130_fd_sc_hd__a2111oi_4)
   0.10    7.08 v _1419_/Y (sky130_fd_sc_hd__a221oi_4)
   0.29    7.37 ^ _1499_/Y (sky130_fd_sc_hd__a211oi_2)
   0.50    7.87 v _1500_/X (sky130_fd_sc_hd__mux2_2)
   0.27    8.13 ^ _1503_/Y (sky130_fd_sc_hd__a21oi_1)
   0.28    8.41 ^ _1510_/X (sky130_fd_sc_hd__a32o_1)
   0.10    8.51 v _1514_/Y (sky130_fd_sc_hd__nor2_4)
   0.39    8.89 ^ _1535_/Y (sky130_fd_sc_hd__a21oi_1)
   0.18    9.07 v _1582_/Y (sky130_fd_sc_hd__a22oi_1)
   0.46    9.54 v _1600_/X (sky130_fd_sc_hd__o32a_4)
   0.39    9.93 ^ _1648_/Y (sky130_fd_sc_hd__o311ai_4)
   0.17   10.10 v _1652_/Y (sky130_fd_sc_hd__nand3_2)
   0.30   10.39 v _1663_/X (sky130_fd_sc_hd__o211a_4)
   0.50   10.90 v _1678_/X (sky130_fd_sc_hd__or4_4)
   0.19   11.08 ^ _1697_/Y (sky130_fd_sc_hd__nand4_1)
   0.08   11.16 v _1699_/Y (sky130_fd_sc_hd__nand2_1)
   0.41   11.57 v _1700_/X (sky130_fd_sc_hd__maj3_1)
   0.23   11.80 ^ _1707_/Y (sky130_fd_sc_hd__o21ai_0)
   0.10   11.90 v _1712_/Y (sky130_fd_sc_hd__a21oi_1)
   0.19   12.10 v _2113_/COUT (sky130_fd_sc_hd__ha_1)
   0.30   12.40 ^ _1736_/Y (sky130_fd_sc_hd__a221oi_1)
   0.18   12.58 v _1744_/Y (sky130_fd_sc_hd__o221ai_1)
   0.37   12.95 ^ _1746_/Y (sky130_fd_sc_hd__a2111oi_0)
   0.12   13.06 v _1747_/Y (sky130_fd_sc_hd__o21ai_1)
   0.30   13.36 ^ _1763_/Y (sky130_fd_sc_hd__o32ai_1)
   0.00   13.36 ^ pwm_out_s$_DFF_P_/D (sky130_fd_sc_hd__dfxtp_1)
          13.36   data arrival time

  20.00   20.00   clock clk (rise edge)
   0.00   20.00   clock source latency
   0.00   20.00 ^ clk (in)
   0.13   20.13 ^ clkbuf_0_clk/X (sky130_fd_sc_hd__clkbuf_16)
   0.14   20.27 ^ clkbuf_2_3__f_clk/X (sky130_fd_sc_hd__clkbuf_16)
   0.00   20.28 ^ pwm_out_s$_DFF_P_/CLK (sky130_fd_sc_hd__dfxtp_1)
   0.00   20.28   clock reconvergence pessimism
  -0.10   20.18   library setup time
          20.18   data required time
---------------------------------------------------------
          20.18   data required time
         -13.36   data arrival time
---------------------------------------------------------
           6.82   slack (MET)



==========================================================================
finish report_checks -path_delay min reg to reg
--------------------------------------------------------------------------
Startpoint: counter[10]$_SDFFE_PP0P_
            (rising edge-triggered flip-flop clocked by clk)
Endpoint: counter[10]$_SDFFE_PP0P_
          (rising edge-triggered flip-flop clocked by clk)
Path Group: clk
Path Type: min

  Delay    Time   Description
---------------------------------------------------------
   0.00    0.00   clock clk (rise edge)
   0.00    0.00   clock source latency
   0.00    0.00 ^ clk (in)
   0.13    0.13 ^ clkbuf_0_clk/X (sky130_fd_sc_hd__clkbuf_16)
   0.14    0.27 ^ clkbuf_2_3__f_clk/X (sky130_fd_sc_hd__clkbuf_16)
   0.00    0.28 ^ counter[10]$_SDFFE_PP0P_/CLK (sky130_fd_sc_hd__dfxtp_1)
   0.35    0.63 v counter[10]$_SDFFE_PP0P_/Q (sky130_fd_sc_hd__dfxtp_1)
   0.16    0.79 ^ _1920_/Y (sky130_fd_sc_hd__xnor2_1)
   0.04    0.82 v _1921_/Y (sky130_fd_sc_hd__nor2_1)
   0.00    0.82 v counter[10]$_SDFFE_PP0P_/D (sky130_fd_sc_hd__dfxtp_1)
           0.82   data arrival time

   0.00    0.00   clock clk (rise edge)
   0.00    0.00   clock source latency
   0.00    0.00 ^ clk (in)
   0.13    0.13 ^ clkbuf_0_clk/X (sky130_fd_sc_hd__clkbuf_16)
   0.14    0.27 ^ clkbuf_2_3__f_clk/X (sky130_fd_sc_hd__clkbuf_16)
   0.00    0.28 ^ counter[10]$_SDFFE_PP0P_/CLK (sky130_fd_sc_hd__dfxtp_1)
   0.00    0.28   clock reconvergence pessimism
  -0.04    0.23   library hold time
           0.23   data required time
---------------------------------------------------------
           0.23   data required time
          -0.82   data arrival time
---------------------------------------------------------
           0.59   slack (MET)



==========================================================================
finish critical path target clock latency max path
--------------------------------------------------------------------------
0

==========================================================================
finish critical path target clock latency min path
--------------------------------------------------------------------------
0

==========================================================================
finish critical path source clock latency min path
--------------------------------------------------------------------------
0

==========================================================================
finish critical path delay
--------------------------------------------------------------------------
13.3607

==========================================================================
finish critical path slack
--------------------------------------------------------------------------
6.8179

==========================================================================
finish slack div critical path delay
--------------------------------------------------------------------------
51.029512

==========================================================================
finish report_power
--------------------------------------------------------------------------
Group                  Internal  Switching    Leakage      Total
                          Power      Power      Power      Power (Watts)
----------------------------------------------------------------
Sequential             6.91e-05   9.37e-06   2.69e-10   7.84e-05  18.2%
Combinational          1.11e-04   1.60e-04   3.18e-09   2.71e-04  63.0%
Clock                  5.27e-05   2.80e-05   7.99e-11   8.07e-05  18.8%
Macro                  0.00e+00   0.00e+00   0.00e+00   0.00e+00   0.0%
Pad                    0.00e+00   0.00e+00   0.00e+00   0.00e+00   0.0%
----------------------------------------------------------------
Total                  2.33e-04   1.97e-04   3.53e-09   4.30e-04 100.0%
                          54.1%      45.9%       0.0%
